0634:err:d3dcompiler:D3DCompile2 Failed to compile shader, vkd3d result -4.
0630:err:d3dcompiler:D3DCompile2 Failed to compile shader, vkd3d result -4.
0630:err:d3dcompiler:D3DCompile2 Shader log:
0630:err:d3dcompiler:D3DCompile2     C:\fakepath:61:22: E5005: Function "fwidth" is not defined.
0630:err:d3dcompiler:D3DCompile2 
0634:err:d3dcompiler:D3DCompile2 Shader log:
0634:err:d3dcompiler:D3DCompile2     C:\fakepath:53:35: E5000: syntax error, unexpected '(', expecting ';' or ','
0634:err:d3dcompiler:D3DCompile2 
0630:fixme:d3dcompiler:D3DCompile2 Ignoring flags 0xc002.
0634:fixme:d3dcompiler:D3DCompile2 Ignoring flags 0xc002.
vkd3d:fixme:hlsl_yylex Unsupported preprocessor #pragma directive at line 9.
0630:err:d3dcompiler:D3DCompile2 Failed to compile shader, vkd3d result -4.
0630:err:d3dcompiler:D3DCompile2 Shader log:
0630:err:d3dcompiler:D3DCompile2     C:\fakepath:61:22: E5005: Function "fwidth" is not defined.
0630:err:d3dcompiler:D3DCompile2 
vkd3d:fixme:hlsl_yylex Unsupported preprocessor #pragma directive at line 8.
0634:err:d3dcompiler:D3DCompile2 Failed to compile shader, vkd3d result -4.
0634:err:d3dcompiler:D3DCompile2 Shader log:
0634:err:d3dcompiler:D3DCompile2     C:\fakepath:53:35: E5000: syntax error, unexpected '(', expecting ';' or ','
0634:err:d3dcompiler:D3DCompile2 
0630:fixme:d3dcompiler:D3DCompile2 Ignoring flags 0xc004.
vkd3d:fixme:hlsl_yylex Unsupported preprocessor #pragma directive at line 9.
0634:fixme:d3dcompiler:D3DCompile2 Ignoring flags 0xc004.
0630:err:d3dcompiler:D3DCompile2 Failed to compile shader, vkd3d result -4.
0630:err:d3dcompiler:D3DCompile2 Shader log:
0630:err:d3dcompiler:D3DCompile2     C:\fakepath:61:22: E5005: Function "fwidth" is not defined.
0630:err:d3dcompiler:D3DCompile2 
vkd3d:fixme:hlsl_yylex Unsupported preprocessor #pragma directive at line 8.
0634:err:d3dcompiler:D3DCompile2 Failed to compile shader, vkd3d result -4.
0634:err:d3dcompiler:D3DCompile2 Shader log:
0634:err:d3dcompiler:D3DCompile2     C:\fakepath:53:35: E5000: syntax error, unexpected '(', expecting ';' or ','
0634:err:d3dcompiler:D3DCompile2 
0628:fixme:d3dcompiler:D3DCompile2 Ignoring flags 0xc000.
0630:fixme:d3dcompiler:D3DCompile2 Ignoring flags 0xc000.
vkd3d:fixme:hlsl_yylex Unsupported preprocessor #pragma directive at line 8.
vkd3d:fixme:hlsl_yylex Unsupported preprocessor #pragma directive at line 9.
0630:err:d3dcompiler:D3DCompile2 Failed to compile shader, vkd3d result -4.
0630:err:d3dcompiler:D3DCompile2 Shader log:
0630:err:d3dcompiler:D3DCompile2     C:\fakepath:38:52: E5000: syntax error, unexpected '(', expecting ';' or ','
0630:err:d3dcompiler:D3DCompile2 
0628:err:d3dcompiler:D3DCompile2 Failed to compile shader, vkd3d result -4.
0628:err:d3dcompiler:D3DCompile2 Shader log:
0628:err:d3dcompiler:D3DCompile2     C:\fakepath:50:35: E5000: syntax error, unexpected '(', expecting ';' or ','
0628:err:d3dcompiler:D3DCompile2 
0630:fixme:d3dcompiler:D3DCompile2 Ignoring flags 0xc002.
vkd3d:fixme:hlsl_yylex Unsupported preprocessor #pragma directive at line 9.
0630:err:d3dcompiler:D3DCompile2 Failed to compile shader, vkd3d result -4.
0630:err:d3dcompiler:D3DCompile2 Shader log:
0630:err:d3dcompiler:D3DCompile2     C:\fakepath:38:52: E5000: syntax error, unexpected '(', expecting ';' or ','
0630:err:d3dcompiler:D3DCompile2 
0630:fixme:d3dcompiler:D3DCompile2 Ignoring flags 0xc004.
vkd3d:fixme:hlsl_yylex Unsupported preprocessor #pragma directive at line 9.
0630:err:d3dcompiler:D3DCompile2 Failed to compile shader, vkd3d result -4.
0630:err:d3dcompiler:D3DCompile2 Shader log:
0630:err:d3dcompiler:D3DCompile2     C:\fakepath:38:52: E5000: syntax error, unexpected '(', expecting ';' or ','
0630:err:d3dcompiler:D3DCompile2 
0628:fixme:d3dcompiler:D3DCompile2 Ignoring flags 0xc002.
vkd3d:fixme:hlsl_yylex Unsupported preprocessor #pragma directive at line 8.
0628:err:d3dcompiler:D3DCompile2 Failed to compile shader, vkd3d result -4.
0628:err:d3dcompiler:D3DCompile2 Shader log:
0628:err:d3dcompiler:D3DCompile2     C:\fakepath:50:35: E5000: syntax error, unexpected '(', expecting ';' or ','
0628:err:d3dcompiler:D3DCompile2 
0628:fixme:d3dcompiler:D3DCompile2 Ignoring flags 0xc004.
vkd3d:fixme:hlsl_yylex Unsupported preprocessor #pragma directive at line 8.
0628:err:d3dcompiler:D3DCompile2 Failed to compile shader, vkd3d result -4.
0628:err:d3dcompiler:D3DCompile2 Shader log:
0628:err:d3dcompiler:D3DCompile2     C:\fakepath:50:35: E5000: syntax error, unexpected '(', expecting ';' or ','
0628:err:d3dcompiler:D3DCompile2 
0630:fixme:d3dcompiler:D3DCompile2 Ignoring flags 0xc000.
vkd3d:fixme:hlsl_yylex Unsupported preprocessor #pragma directive at line 8.
0630:err:d3dcompiler:D3DCompile2 Failed to compile shader, vkd3d result -4.
0630:err:d3dcompiler:D3DCompile2 Shader log:
0630:err:d3dcompiler:D3DCompile2     C:\fakepath:36:35: E5000: syntax error, unexpected '(', expecting ';' or ','
0630:err:d3dcompiler:D3DCompile2 
0628:fixme:d3dcompiler:D3DCompile2 Ignoring flags 0xc000.
vkd3d:fixme:hlsl_yylex Unsupported preprocessor #pragma directive at line 9.
0628:err:d3dcompiler:D3DCompile2 Failed to compile shader, vkd3d result -5.
0628:err:d3dcompiler:D3DCompile2 Shader log:
0628:err:d3dcompiler:D3DCompile2     C:\fakepath:55:33: E5017: Aborting due to not yet implemented feature: Call to user-defined function "vec4_ctor".
0628:err:d3dcompiler:D3DCompile2 
0630:fixme:d3dcompiler:D3DCompile2 Ignoring flags 0xc002.
vkd3d:fixme:hlsl_yylex Unsupported preprocessor #pragma directive at line 8.
0630:err:d3dcompiler:D3DCompile2 Failed to compile shader, vkd3d result -4.
0630:err:d3dcompiler:D3DCompile2 Shader log:
0630:err:d3dcompiler:D3DCompile2     C:\fakepath:36:35: E5000: syntax error, unexpected '(', expecting ';' or ','
0630:err:d3dcompiler:D3DCompile2 
0630:fixme:d3dcompiler:D3DCompile2 Ignoring flags 0xc004.
vkd3d:fixme:hlsl_yylex Unsupported preprocessor #pragma directive at line 8.
0630:err:d3dcompiler:D3DCompile2 Failed to compile shader, vkd3d result -4.
0630:err:d3dcompiler:D3DCompile2 Shader log:
0630:err:d3dcompiler:D3DCompile2     C:\fakepath:36:35: E5000: syntax error, unexpected '(', expecting ';' or ','
0630:err:d3dcompiler:D3DCompile2 
0628:fixme:d3dcompiler:D3DCompile2 Ignoring flags 0xc002.
vkd3d:fixme:hlsl_yylex Unsupported preprocessor #pragma directive at line 9.
0628:err:d3dcompiler:D3DCompile2 Failed to compile shader, vkd3d result -5.
0628:err:d3dcompiler:D3DCompile2 Shader log:
0628:err:d3dcompiler:D3DCompile2     C:\fakepath:55:33: E5017: Aborting due to not yet implemented feature: Call to user-defined function "vec4_ctor".
0628:err:d3dcompiler:D3DCompile2 
0628:fixme:d3dcompiler:D3DCompile2 Ignoring flags 0xc004.
vkd3d:fixme:hlsl_yylex Unsupported preprocessor #pragma directive at line 9.
0628:err:d3dcompiler:D3DCompile2 Failed to compile shader, vkd3d result -5.
0628:err:d3dcompiler:D3DCompile2 Shader log:
0628:err:d3dcompiler:D3DCompile2     C:\fakepath:55:33: E5017: Aborting due to not yet implemented feature: Call to user-defined function "vec4_ctor".
0628:err:d3dcompiler:D3DCompile2 
0630:fixme:d3dcompiler:D3DCompile2 Ignoring flags 0xc000.
0634:fixme:d3dcompiler:D3DCompile2 Ignoring flags 0xc000.
vkd3d:fixme:hlsl_yylex Unsupported preprocessor #pragma directive at line 8.
vkd3d:fixme:hlsl_yylex Unsupported preprocessor #pragma directive at line 9.
0634:err:d3dcompiler:D3DCompile2 Failed to compile shader, vkd3d result -4.
0634:err:d3dcompiler:D3DCompile2 Shader log:
0634:err:d3dcompiler:D3DCompile2     C:\fakepath:38:52: E5000: syntax error, unexpected '(', expecting ';' or ','
0634:err:d3dcompiler:D3DCompile2 
0630:err:d3dcompiler:D3DCompile2 Failed to compile shader, vkd3d result -4.
0630:err:d3dcompiler:D3DCompile2 Shader log:
0630:err:d3dcompiler:D3DCompile2     C:\fakepath:45:35: E5000: syntax error, unexpected '(', expecting ';' or ','
0630:err:d3dcompiler:D3DCompile2 
0634:fixme:d3dcompiler:D3DCompile2 Ignoring flags 0xc002.
vkd3d:fixme:hlsl_yylex Unsupported preprocessor #pragma directive at line 9.
0634:err:d3dcompiler:D3DCompile2 Failed to compile shader, vkd3d result -4.
0634:err:d3dcompiler:D3DCompile2 Shader log:
0634:err:d3dcompiler:D3DCompile2     C:\fakepath:38:52: E5000: syntax error, unexpected '(', expecting ';' or ','
0634:err:d3dcompiler:D3DCompile2 
0630:fixme:d3dcompiler:D3DCompile2 Ignoring flags 0xc002.
vkd3d:fixme:hlsl_yylex Unsupported preprocessor #pragma directive at line 8.
0630:err:d3dcompiler:D3DCompile2 Failed to compile shader, vkd3d result -4.
0630:err:d3dcompiler:D3DCompile2 Shader log:
0630:err:d3dcompiler:D3DCompile2     C:\fakepath:45:35: E5000: syntax error, unexpected '(', expecting ';' or ','
0630:err:d3dcompiler:D3DCompile2 
0634:fixme:d3dcompiler:D3DCompile2 Ignoring flags 0xc004.
vkd3d:fixme:hlsl_yylex Unsupported preprocessor #pragma directive at line 9.
0630:fixme:d3dcompiler:D3DCompile2 Ignoring flags 0xc004.
0634:err:d3dcompiler:D3DCompile2 Failed to compile shader, vkd3d result -4.
0634:err:d3dcompiler:D3DCompile2 Shader log:
0634:err:d3dcompiler:D3DCompile2     C:\fakepath:38:52: E5000: syntax error, unexpected '(', expecting ';' or ','
0634:err:d3dcompiler:D3DCompile2 
vkd3d:fixme:hlsl_yylex Unsupported preprocessor #pragma directive at line 8.
0630:err:d3dcompiler:D3DCompile2 Failed to compile shader, vkd3d result -4.
0630:err:d3dcompiler:D3DCompile2 Shader log:
0630:err:d3dcompiler:D3DCompile2     C:\fakepath:45:35: E5000: syntax error, unexpected '(', expecting ';' or ','
0630:err:d3dcompiler:D3DCompile2 
0630:fixme:d3dcompiler:D3DCompile2 Ignoring flags 0xc000.
0634:fixme:d3dcompiler:D3DCompile2 Ignoring flags 0xc000.
vkd3d:fixme:hlsl_yylex Unsupported preprocessor #pragma directive at line 8.
vkd3d:fixme:hlsl_yylex Unsupported preprocessor #pragma directive at line 7.
0634:err:d3dcompiler:D3DCompile2 Failed to compile shader, vkd3d result -4.
0634:err:d3dcompiler:D3DCompile2 Shader log:
0634:err:d3dcompiler:D3DCompile2     C:\fakepath:33:35: E5000: syntax error, unexpected '(', expecting ';' or ','
0634:err:d3dcompiler:D3DCompile2 
vkd3d:fixme:find_function_call Search for compatible overloads.
0630:err:d3dcompiler:D3DCompile2 Failed to compile shader, vkd3d result -4.
0630:err:d3dcompiler:D3DCompile2 Shader log:
0630:err:d3dcompiler:D3DCompile2     C:\fakepath:49:22: E5005: Function "vec4_ctor" is not defined.
0630:err:d3dcompiler:D3DCompile2 
0634:fixme:d3dcompiler:D3DCompile2 Ignoring flags 0xc002.
vkd3d:fixme:hlsl_yylex Unsupported preprocessor #pragma directive at line 7.
0634:err:d3dcompiler:D3DCompile2 Failed to compile shader, vkd3d result -4.
0634:err:d3dcompiler:D3DCompile2 Shader log:
0634:err:d3dcompiler:D3DCompile2     C:\fakepath:33:35: E5000: syntax error, unexpected '(', expecting ';' or ','
0634:err:d3dcompiler:D3DCompile2 
0634:fixme:d3dcompiler:D3DCompile2 Ignoring flags 0xc004.
0630:fixme:d3dcompiler:D3DCompile2 Ignoring flags 0xc002.
vkd3d:fixme:hlsl_yylex Unsupported preprocessor #pragma directive at line 8.
vkd3d:fixme:find_function_call Search for compatible overloads.
vkd3d:fixme:hlsl_yylex Unsupported preprocessor #pragma directive at line 7.
0634:err:d3dcompiler:D3DCompile2 Failed to compile shader, vkd3d result -4.
0634:err:d3dcompiler:D3DCompile2 Shader log:
0634:err:d3dcompiler:D3DCompile2     C:\fakepath:33:35: E5000: syntax error, unexpected '(', expecting ';' or ','
0634:err:d3dcompiler:D3DCompile2 
0630:err:d3dcompiler:D3DCompile2 Failed to compile shader, vkd3d result -4.
0630:err:d3dcompiler:D3DCompile2 Shader log:
0630:err:d3dcompiler:D3DCompile2     C:\fakepath:49:22: E5005: Function "vec4_ctor" is not defined.
0630:err:d3dcompiler:D3DCompile2 
0630:fixme:d3dcompiler:D3DCompile2 Ignoring flags 0xc004.
vkd3d:fixme:hlsl_yylex Unsupported preprocessor #pragma directive at line 8.
vkd3d:fixme:find_function_call Search for compatible overloads.
0630:err:d3dcompiler:D3DCompile2 Failed to compile shader, vkd3d result -4.
0630:err:d3dcompiler:D3DCompile2 Shader log:
0630:err:d3dcompiler:D3DCompile2     C:\fakepath:49:22: E5005: Function "vec4_ctor" is not defined.
0630:err:d3dcompiler:D3DCompile2 
0630:fixme:d3dcompiler:D3DCompile2 Ignoring flags 0xc000.
vkd3d:fixme:hlsl_yylex Unsupported preprocessor #pragma directive at line 6.
0630:err:d3dcompiler:D3DCompile2 Failed to compile shader, vkd3d result -4.
0630:err:d3dcompiler:D3DCompile2 Shader log:
0630:err:d3dcompiler:D3DCompile2     C:\fakepath:43:35: E5000: syntax error, unexpected '(', expecting ';' or ','
0630:err:d3dcompiler:D3DCompile2 
0634:fixme:d3dcompiler:D3DCompile2 Ignoring flags 0xc000.
vkd3d:fixme:hlsl_yylex Unsupported preprocessor #pragma directive at line 7.
0634:err:d3dcompiler:D3DCompile2 Failed to compile shader, vkd3d result -5.
0634:err:d3dcompiler:D3DCompile2 Shader log:
0634:err:d3dcompiler:D3DCompile2     C:\fakepath:35:8: E5017: Aborting due to not yet implemented feature: Call to user-defined function "generateOutput".
0634:err:d3dcompiler:D3DCompile2 
0630:fixme:d3dcompiler:D3DCompile2 Ignoring flags 0xc002.
0634:fixme:d3dcompiler:D3DCompile2 Ignoring flags 0xc002.
vkd3d:fixme:hlsl_yylex Unsupported preprocessor #pragma directive at line 7.
0634:err:d3dcompiler:D3DCompile2 Failed to compile shader, vkd3d result -5.
0634:err:d3dcompiler:D3DCompile2 Shader log:
0634:err:d3dcompiler:D3DCompile2     C:\fakepath:35:8: E5017: Aborting due to not yet implemented feature: Call to user-defined function "generateOutput".
0634:err:d3dcompiler:D3DCompile2 
vkd3d:fixme:hlsl_yylex Unsupported preprocessor #pragma directive at line 6.
0630:err:d3dcompiler:D3DCompile2 Failed to compile shader, vkd3d result -4.
0630:err:d3dcompiler:D3DCompile2 Shader log:
0630:err:d3dcompiler:D3DCompile2     C:\fakepath:43:35: E5000: syntax error, unexpected '(', expecting ';' or ','
0630:err:d3dcompiler:D3DCompile2 
0634:fixme:d3dcompiler:D3DCompile2 Ignoring flags 0xc004.
vkd3d:fixme:hlsl_yylex Unsupported preprocessor #pragma directive at line 7.
0634:err:d3dcompiler:D3DCompile2 Failed to compile shader, vkd3d result -5.
0634:err:d3dcompiler:D3DCompile2 Shader log:
0634:err:d3dcompiler:D3DCompile2     C:\fakepath:35:8: E5017: Aborting due to not yet implemented feature: Call to user-defined function "generateOutput".
0634:err:d3dcompiler:D3DCompile2 
0630:fixme:d3dcompiler:D3DCompile2 Ignoring flags 0xc004.
vkd3d:fixme:hlsl_yylex Unsupported preprocessor #pragma directive at line 6.
0630:err:d3dcompiler:D3DCompile2 Failed to compile shader, vkd3d result -4.
0630:err:d3dcompiler:D3DCompile2 Shader log:
0630:err:d3dcompiler:D3DCompile2     C:\fakepath:43:35: E5000: syntax error, unexpected '(', expecting ';' or ','
0630:err:d3dcompiler:D3DCompile2 
0410:fixme:dxgi:d3d11_swapchain_GetDesc Ignoring ScanlineOrdering and Scaling.
0634:fixme:d3dcompiler:D3DCompile2 Ignoring flags 0xc000.
0638:fixme:d3dcompiler:D3DCompile2 Ignoring flags 0xc000.
vkd3d:fixme:hlsl_yylex Unsupported preprocessor #pragma directive at line 8.
vkd3d:fixme:hlsl_yylex Unsupported preprocessor #pragma directive at line 7.
vkd3d:fixme:find_function_call Search for compatible overloads.
0634:err:d3dcompiler:D3DCompile2 Failed to compile shader, vkd3d result -4.
0634:err:d3dcompiler:D3DCompile2 Shader log:
0634:err:d3dcompiler:D3DCompile2     C:\fakepath:49:22: E5005: Function "vec4_ctor" is not defined.
0634:err:d3dcompiler:D3DCompile2 
0634:fixme:d3dcompiler:D3DCompile2 Ignoring flags 0xc002.
0638:err:d3dcompiler:D3DCompile2 Failed to compile shader, vkd3d result -4.
0638:err:d3dcompiler:D3DCompile2 Shader log:
0638:err:d3dcompiler:D3DCompile2     C:\fakepath:33:35: E5000: syntax error, unexpected '(', expecting ';' or ','
0638:err:d3dcompiler:D3DCompile2 
vkd3d:fixme:hlsl_yylex Unsupported preprocessor #pragma directive at line 8.
0638:fixme:d3dcompiler:D3DCompile2 Ignoring flags 0xc002.
vkd3d:fixme:find_function_call Search for compatible overloads.
0634:err:d3dcompiler:D3DCompile2 Failed to compile shader, vkd3d result -4.
0634:err:d3dcompiler:D3DCompile2 Shader log:
0634:err:d3dcompiler:D3DCompile2     C:\fakepath:49:22: E5005: Function "vec4_ctor" is not defined.
0634:err:d3dcompiler:D3DCompile2 
vkd3d:fixme:hlsl_yylex Unsupported preprocessor #pragma directive at line 7.
0638:err:d3dcompiler:D3DCompile2 Failed to compile shader, vkd3d result -4.
0638:err:d3dcompiler:D3DCompile2 Shader log:
0638:err:d3dcompiler:D3DCompile2     C:\fakepath:33:35: E5000: syntax error, unexpected '(', expecting ';' or ','
0638:err:d3dcompiler:D3DCompile2 
0634:fixme:d3dcompiler:D3DCompile2 Ignoring flags 0xc004.
vkd3d:fixme:hlsl_yylex Unsupported preprocessor #pragma directive at line 8.
vkd3d:fixme:find_function_call Search for compatible overloads.
0634:err:d3dcompiler:D3DCompile2 Failed to compile shader, vkd3d result -4.
0634:err:d3dcompiler:D3DCompile2 Shader log:
0634:err:d3dcompiler:D3DCompile2     C:\fakepath:49:22: E5005: Function "vec4_ctor" is not defined.
0634:err:d3dcompiler:D3DCompile2 
0638:fixme:d3dcompiler:D3DCompile2 Ignoring flags 0xc004.
vkd3d:fixme:hlsl_yylex Unsupported preprocessor #pragma directive at line 7.
0638:err:d3dcompiler:D3DCompile2 Failed to compile shader, vkd3d result -4.
0638:err:d3dcompiler:D3DCompile2 Shader log:
0638:err:d3dcompiler:D3DCompile2     C:\fakepath:33:35: E5000: syntax error, unexpected '(', expecting ';' or ','
0638:err:d3dcompiler:D3DCompile2 
0638:fixme:d3dcompiler:D3DCompile2 Ignoring flags 0xc000.
0628:fixme:d3dcompiler:D3DCompile2 Ignoring flags 0xc000.
vkd3d:fixme:hlsl_yylex Unsupported preprocessor #pragma directive at line 8.
0628:err:d3dcompiler:D3DCompile2 Failed to compile shader, vkd3d result -5.
0628:err:d3dcompiler:D3DCompile2 Shader log:
0628:err:d3dcompiler:D3DCompile2     C:\fakepath:46:8: E5017: Aborting due to not yet implemented feature: Call to user-defined function "generateOutput".
0628:err:d3dcompiler:D3DCompile2 
vkd3d:fixme:hlsl_yylex Unsupported preprocessor #pragma directive at line 7.
0638:err:d3dcompiler:D3DCompile2 Failed to compile shader, vkd3d result -4.
0638:err:d3dcompiler:D3DCompile2 Shader log:
0638:err:d3dcompiler:D3DCompile2     C:\fakepath:33:35: E5000: syntax error, unexpected '(', expecting ';' or ','
0638:err:d3dcompiler:D3DCompile2 
0628:fixme:d3dcompiler:D3DCompile2 Ignoring flags 0xc002.
vkd3d:fixme:hlsl_yylex Unsupported preprocessor #pragma directive at line 8.
0628:err:d3dcompiler:D3DCompile2 Failed to compile shader, vkd3d result -5.
0628:err:d3dcompiler:D3DCompile2 Shader log:
0628:err:d3dcompiler:D3DCompile2     C:\fakepath:46:8: E5017: Aborting due to not yet implemented feature: Call to user-defined function "generateOutput".
0628:err:d3dcompiler:D3DCompile2 
0628:fixme:d3dcompiler:D3DCompile2 Ignoring flags 0xc004.
0638:fixme:d3dcompiler:D3DCompile2 Ignoring flags 0xc002.
vkd3d:fixme:hlsl_yylex Unsupported preprocessor #pragma directive at line 7.
0638:err:d3dcompiler:D3DCompile2 Failed to compile shader, vkd3d result -4.
0638:err:d3dcompiler:D3DCompile2 Shader log:
0638:err:d3dcompiler:D3DCompile2     C:\fakepath:33:35: E5000: syntax error, unexpected '(', expecting ';' or ','
0638:err:d3dcompiler:D3DCompile2 
vkd3d:fixme:hlsl_yylex Unsupported preprocessor #pragma directive at line 8.
0628:err:d3dcompiler:D3DCompile2 Failed to compile shader, vkd3d result -5.
0628:err:d3dcompiler:D3DCompile2 Shader log:
0628:err:d3dcompiler:D3DCompile2     C:\fakepath:46:8: E5017: Aborting due to not yet implemented feature: Call to user-defined function "generateOutput".
0628:err:d3dcompiler:D3DCompile2 
0638:fixme:d3dcompiler:D3DCompile2 Ignoring flags 0xc004.
vkd3d:fixme:hlsl_yylex Unsupported preprocessor #pragma directive at line 7.
0638:err:d3dcompiler:D3DCompile2 Failed to compile shader, vkd3d result -4.
0638:err:d3dcompiler:D3DCompile2 Shader log:
0638:err:d3dcompiler:D3DCompile2     C:\fakepath:33:35: E5000: syntax error, unexpected '(', expecting ';' or ','
0638:err:d3dcompiler:D3DCompile2 
0628:fixme:d3dcompiler:D3DCompile2 Ignoring flags 0xc000.
vkd3d:fixme:hlsl_yylex Unsupported preprocessor #pragma directive at line 8.
0628:err:d3dcompiler:D3DCompile2 Failed to compile shader, vkd3d result -4.
0628:err:d3dcompiler:D3DCompile2 Shader log:
0628:err:d3dcompiler:D3DCompile2     C:\fakepath:50:35: E5000: syntax error, unexpected '(', expecting ';' or ','
0628:err:d3dcompiler:D3DCompile2 
0638:fixme:d3dcompiler:D3DCompile2 Ignoring flags 0xc000.
vkd3d:fixme:hlsl_yylex Unsupported preprocessor #pragma directive at line 9.
0638:err:d3dcompiler:D3DCompile2 Failed to compile shader, vkd3d result -4.
0638:err:d3dcompiler:D3DCompile2 Shader log:
0638:err:d3dcompiler:D3DCompile2     C:\fakepath:38:52: E5000: syntax error, unexpected '(', expecting ';' or ','
0638:err:d3dcompiler:D3DCompile2 
0628:fixme:d3dcompiler:D3DCompile2 Ignoring flags 0xc002.
vkd3d:fixme:hlsl_yylex Unsupported preprocessor #pragma directive at line 8.
0628:err:d3dcompiler:D3DCompile2 Failed to compile shader, vkd3d result -4.
0628:err:d3dcompiler:D3DCompile2 Shader log:
0628:err:d3dcompiler:D3DCompile2     C:\fakepath:50:35: E5000: syntax error, unexpected '(', expecting ';' or ','
0628:err:d3dcompiler:D3DCompile2 
0638:fixme:d3dcompiler:D3DCompile2 Ignoring flags 0xc002.
vkd3d:fixme:hlsl_yylex Unsupported preprocessor #pragma directive at line 9.
0638:err:d3dcompiler:D3DCompile2 Failed to compile shader, vkd3d result -4.
0638:err:d3dcompiler:D3DCompile2 Shader log:
0638:err:d3dcompiler:D3DCompile2     C:\fakepath:38:52: E5000: syntax error, unexpected '(', expecting ';' or ','
0638:err:d3dcompiler:D3DCompile2 
0628:fixme:d3dcompiler:D3DCompile2 Ignoring flags 0xc004.
vkd3d:fixme:hlsl_yylex Unsupported preprocessor #pragma directive at line 8.
0628:err:d3dcompiler:D3DCompile2 Failed to compile shader, vkd3d result -4.
0628:err:d3dcompiler:D3DCompile2 Shader log:
0628:err:d3dcompiler:D3DCompile2     C:\fakepath:50:35: E5000: syntax error, unexpected '(', expecting ';' or ','
0628:err:d3dcompiler:D3DCompile2 
0638:fixme:d3dcompiler:D3DCompile2 Ignoring flags 0xc004.
vkd3d:fixme:hlsl_yylex Unsupported preprocessor #pragma directive at line 9.
0638:err:d3dcompiler:D3DCompile2 Failed to compile shader, vkd3d result -4.
0638:err:d3dcompiler:D3DCompile2 Shader log:
0638:err:d3dcompiler:D3DCompile2     C:\fakepath:38:52: E5000: syntax error, unexpected '(', expecting ';' or ','
0638:err:d3dcompiler:D3DCompile2 
0634:fixme:d3dcompiler:D3DCompile2 Ignoring flags 0xc000.
vkd3d:fixme:hlsl_yylex Unsupported preprocessor #pragma directive at line 8.
0634:err:d3dcompiler:D3DCompile2 Failed to compile shader, vkd3d result -4.
0634:err:d3dcompiler:D3DCompile2 Shader log:
0634:err:d3dcompiler:D3DCompile2     C:\fakepath:36:35: E5000: syntax error, unexpected '(', expecting ';' or ','
0634:err:d3dcompiler:D3DCompile2 
0628:fixme:d3dcompiler:D3DCompile2 Ignoring flags 0xc000.
vkd3d:fixme:hlsl_yylex Unsupported preprocessor #pragma directive at line 9.
0628:err:d3dcompiler:D3DCompile2 Failed to compile shader, vkd3d result -5.
0628:err:d3dcompiler:D3DCompile2 Shader log:
0628:err:d3dcompiler:D3DCompile2     C:\fakepath:58:33: E5017: Aborting due to not yet implemented feature: Call to user-defined function "vec4_ctor".
0628:err:d3dcompiler:D3DCompile2 
0634:fixme:d3dcompiler:D3DCompile2 Ignoring flags 0xc002.
vkd3d:fixme:hlsl_yylex Unsupported preprocessor #pragma directive at line 8.
0634:err:d3dcompiler:D3DCompile2 Failed to compile shader, vkd3d result -4.
0634:err:d3dcompiler:D3DCompile2 Shader log:
0634:err:d3dcompiler:D3DCompile2     C:\fakepath:36:35: E5000: syntax error, unexpected '(', expecting ';' or ','
0634:err:d3dcompiler:D3DCompile2 
0634:fixme:d3dcompiler:D3DCompile2 Ignoring flags 0xc004.
vkd3d:fixme:hlsl_yylex Unsupported preprocessor #pragma directive at line 8.
0634:err:d3dcompiler:D3DCompile2 Failed to compile shader, vkd3d result -4.
0634:err:d3dcompiler:D3DCompile2 Shader log:
0634:err:d3dcompiler:D3DCompile2     C:\fakepath:36:35: E5000: syntax error, unexpected '(', expecting ';' or ','
0634:err:d3dcompiler:D3DCompile2 
0628:fixme:d3dcompiler:D3DCompile2 Ignoring flags 0xc002.
vkd3d:fixme:hlsl_yylex Unsupported preprocessor #pragma directive at line 9.
0628:err:d3dcompiler:D3DCompile2 Failed to compile shader, vkd3d result -5.
0628:err:d3dcompiler:D3DCompile2 Shader log:
0628:err:d3dcompiler:D3DCompile2     C:\fakepath:58:33: E5017: Aborting due to not yet implemented feature: Call to user-defined function "vec4_ctor".
0628:err:d3dcompiler:D3DCompile2 
0628:fixme:d3dcompiler:D3DCompile2 Ignoring flags 0xc004.
vkd3d:fixme:hlsl_yylex Unsupported preprocessor #pragma directive at line 9.
0628:err:d3dcompiler:D3DCompile2 Failed to compile shader, vkd3d result -5.
0628:err:d3dcompiler:D3DCompile2 Shader log:
0628:err:d3dcompiler:D3DCompile2     C:\fakepath:58:33: E5017: Aborting due to not yet implemented feature: Call to user-defined function "vec4_ctor".
0628:err:d3dcompiler:D3DCompile2 
0634:fixme:d3dcompiler:D3DCompile2 Ignoring flags 0xc000.
vkd3d:fixme:hlsl_yylex Unsupported preprocessor #pragma directive at line 8.
0634:err:d3dcompiler:D3DCompile2 Failed to compile shader, vkd3d result -4.
0634:err:d3dcompiler:D3DCompile2 Shader log:
0634:err:d3dcompiler:D3DCompile2     C:\fakepath:45:35: E5000: syntax error, unexpected '(', expecting ';' or ','
0634:err:d3dcompiler:D3DCompile2 
0628:fixme:d3dcompiler:D3DCompile2 Ignoring flags 0xc000.
vkd3d:fixme:hlsl_yylex Unsupported preprocessor #pragma directive at line 9.
0628:err:d3dcompiler:D3DCompile2 Failed to compile shader, vkd3d result -4.
0628:err:d3dcompiler:D3DCompile2 Shader log:
0628:err:d3dcompiler:D3DCompile2     C:\fakepath:38:52: E5000: syntax error, unexpected '(', expecting ';' or ','
0628:err:d3dcompiler:D3DCompile2 
0634:fixme:d3dcompiler:D3DCompile2 Ignoring flags 0xc002.
vkd3d:fixme:hlsl_yylex Unsupported preprocessor #pragma directive at line 8.
0628:fixme:d3dcompiler:D3DCompile2 Ignoring flags 0xc002.
vkd3d:fixme:hlsl_yylex Unsupported preprocessor #pragma directive at line 9.
0628:err:d3dcompiler:D3DCompile2 Failed to compile shader, vkd3d result -4.
0628:err:d3dcompiler:D3DCompile2 Shader log:
0628:err:d3dcompiler:D3DCompile2     C:\fakepath:38:52: E5000: syntax error, unexpected '(', expecting ';' or ','
0628:err:d3dcompiler:D3DCompile2 
0634:err:d3dcompiler:D3DCompile2 Failed to compile shader, vkd3d result -4.
0634:err:d3dcompiler:D3DCompile2 Shader log:
0634:err:d3dcompiler:D3DCompile2     C:\fakepath:45:35: E5000: syntax error, unexpected '(', expecting ';' or ','
0634:err:d3dcompiler:D3DCompile2 
0628:fixme:d3dcompiler:D3DCompile2 Ignoring flags 0xc004.
vkd3d:fixme:hlsl_yylex Unsupported preprocessor #pragma directive at line 9.
0628:err:d3dcompiler:D3DCompile2 Failed to compile shader, vkd3d result -4.
0628:err:d3dcompiler:D3DCompile2 Shader log:
0628:err:d3dcompiler:D3DCompile2     C:\fakepath:38:52: E5000: syntax error, unexpected '(', expecting ';' or ','
0628:err:d3dcompiler:D3DCompile2 
0634:fixme:d3dcompiler:D3DCompile2 Ignoring flags 0xc004.
vkd3d:fixme:hlsl_yylex Unsupported preprocessor #pragma directive at line 8.
0634:err:d3dcompiler:D3DCompile2 Failed to compile shader, vkd3d result -4.
0634:err:d3dcompiler:D3DCompile2 Shader log:
0634:err:d3dcompiler:D3DCompile2     C:\fakepath:45:35: E5000: syntax error, unexpected '(', expecting ';' or ','
0634:err:d3dcompiler:D3DCompile2 
0634:fixme:d3dcompiler:D3DCompile2 Ignoring flags 0xc000.
vkd3d:fixme:hlsl_yylex Unsupported preprocessor #pragma directive at line 7.
0628:fixme:d3dcompiler:D3DCompile2 Ignoring flags 0xc000.
vkd3d:fixme:hlsl_yylex Unsupported preprocessor #pragma directive at line 8.
0628:err:d3dcompiler:D3DCompile2 Failed to compile shader, vkd3d result -5.
0628:err:d3dcompiler:D3DCompile2 Shader log:
0628:err:d3dcompiler:D3DCompile2     C:\fakepath:46:8: E5017: Aborting due to not yet implemented feature: Call to user-defined function "generateOutput".
0628:err:d3dcompiler:D3DCompile2 
0634:err:d3dcompiler:D3DCompile2 Failed to compile shader, vkd3d result -4.
0634:err:d3dcompiler:D3DCompile2 Shader log:
0634:err:d3dcompiler:D3DCompile2     C:\fakepath:33:35: E5000: syntax error, unexpected '(', expecting ';' or ','
0634:err:d3dcompiler:D3DCompile2 
0628:fixme:d3dcompiler:D3DCompile2 Ignoring flags 0xc002.
vkd3d:fixme:hlsl_yylex Unsupported preprocessor #pragma directive at line 8.
0628:err:d3dcompiler:D3DCompile2 Failed to compile shader, vkd3d result -5.
0628:err:d3dcompiler:D3DCompile2 Shader log:
0628:err:d3dcompiler:D3DCompile2     C:\fakepath:46:8: E5017: Aborting due to not yet implemented feature: Call to user-defined function "generateOutput".
0628:err:d3dcompiler:D3DCompile2 
0634:fixme:d3dcompiler:D3DCompile2 Ignoring flags 0xc002.
vkd3d:fixme:hlsl_yylex Unsupported preprocessor #pragma directive at line 7.
0634:err:d3dcompiler:D3DCompile2 Failed to compile shader, vkd3d result -4.
0634:err:d3dcompiler:D3DCompile2 Shader log:
0634:err:d3dcompiler:D3DCompile2     C:\fakepath:33:35: E5000: syntax error, unexpected '(', expecting ';' or ','
0634:err:d3dcompiler:D3DCompile2 
0628:fixme:d3dcompiler:D3DCompile2 Ignoring flags 0xc004.
vkd3d:fixme:hlsl_yylex Unsupported preprocessor #pragma directive at line 8.
0628:err:d3dcompiler:D3DCompile2 Failed to compile shader, vkd3d result -5.
0628:err:d3dcompiler:D3DCompile2 Shader log:
0628:err:d3dcompiler:D3DCompile2     C:\fakepath:46:8: E5017: Aborting due to not yet implemented feature: Call to user-defined function "generateOutput".
0628:err:d3dcompiler:D3DCompile2 
0634:fixme:d3dcompiler:D3DCompile2 Ignoring flags 0xc004.
vkd3d:fixme:hlsl_yylex Unsupported preprocessor #pragma directive at line 7.
0634:err:d3dcompiler:D3DCompile2 Failed to compile shader, vkd3d result -4.
0634:err:d3dcompiler:D3DCompile2 Shader log:
0634:err:d3dcompiler:D3DCompile2     C:\fakepath:33:35: E5000: syntax error, unexpected '(', expecting ';' or ','
0634:err:d3dcompiler:D3DCompile2 
0628:fixme:d3dcompiler:D3DCompile2 Ignoring flags 0xc000.
vkd3d:fixme:hlsl_yylex Unsupported preprocessor #pragma directive at line 8.
0628:err:d3dcompiler:D3DCompile2 Failed to compile shader, vkd3d result -5.
0628:err:d3dcompiler:D3DCompile2 Shader log:
0628:err:d3dcompiler:D3DCompile2     C:\fakepath:46:8: E5017: Aborting due to not yet implemented feature: Call to user-defined function "generateOutput".
0628:err:d3dcompiler:D3DCompile2 
0634:fixme:d3dcompiler:D3DCompile2 Ignoring flags 0xc000.
vkd3d:fixme:hlsl_yylex Unsupported preprocessor #pragma directive at line 7.
0634:err:d3dcompiler:D3DCompile2 Failed to compile shader, vkd3d result -4.
0634:err:d3dcompiler:D3DCompile2 Shader log:
0634:err:d3dcompiler:D3DCompile2     C:\fakepath:33:35: E5000: syntax error, unexpected '(', expecting ';' or ','
0634:err:d3dcompiler:D3DCompile2 
0628:fixme:d3dcompiler:D3DCompile2 Ignoring flags 0xc002.
vkd3d:fixme:hlsl_yylex Unsupported preprocessor #pragma directive at line 8.
0628:err:d3dcompiler:D3DCompile2 Failed to compile shader, vkd3d result -5.
0628:err:d3dcompiler:D3DCompile2 Shader log:
0628:err:d3dcompiler:D3DCompile2     C:\fakepath:46:8: E5017: Aborting due to not yet implemented feature: Call to user-defined function "generateOutput".
0628:err:d3dcompiler:D3DCompile2 
0634:fixme:d3dcompiler:D3DCompile2 Ignoring flags 0xc002.
vkd3d:fixme:hlsl_yylex Unsupported preprocessor #pragma directive at line 7.
0634:err:d3dcompiler:D3DCompile2 Failed to compile shader, vkd3d result -4.
0634:err:d3dcompiler:D3DCompile2 Shader log:
0634:err:d3dcompiler:D3DCompile2     C:\fakepath:33:35: E5000: syntax error, unexpected '(', expecting ';' or ','
0634:err:d3dcompiler:D3DCompile2 
0628:fixme:d3dcompiler:D3DCompile2 Ignoring flags 0xc004.
vkd3d:fixme:hlsl_yylex Unsupported preprocessor #pragma directive at line 8.
0628:err:d3dcompiler:D3DCompile2 Failed to compile shader, vkd3d result -5.
0628:err:d3dcompiler:D3DCompile2 Shader log:
0628:err:d3dcompiler:D3DCompile2     C:\fakepath:46:8: E5017: Aborting due to not yet implemented feature: Call to user-defined function "generateOutput".
0628:err:d3dcompiler:D3DCompile2 
0634:fixme:d3dcompiler:D3DCompile2 Ignoring flags 0xc004.
vkd3d:fixme:hlsl_yylex Unsupported preprocessor #pragma directive at line 7.
0634:err:d3dcompiler:D3DCompile2 Failed to compile shader, vkd3d result -4.
0634:err:d3dcompiler:D3DCompile2 Shader log:
0634:err:d3dcompiler:D3DCompile2     C:\fakepath:33:35: E5000: syntax error, unexpected '(', expecting ';' or ','
0634:err:d3dcompiler:D3DCompile2 
0634:fixme:d3dcompiler:D3DCompile2 Ignoring flags 0xc000.
0628:fixme:d3dcompiler:D3DCompile2 Ignoring flags 0xc000.
vkd3d:fixme:hlsl_yylex Unsupported preprocessor #pragma directive at line 9.
0628:err:d3dcompiler:D3DCompile2 Failed to compile shader, vkd3d result -4.
0628:err:d3dcompiler:D3DCompile2 Shader log:
0628:err:d3dcompiler:D3DCompile2     C:\fakepath:61:22: E5005: Function "fwidth" is not defined.
0628:err:d3dcompiler:D3DCompile2 
0628:fixme:d3dcompiler:D3DCompile2 Ignoring flags 0xc002.
vkd3d:fixme:hlsl_yylex Unsupported preprocessor #pragma directive at line 9.
0628:err:d3dcompiler:D3DCompile2 Failed to compile shader, vkd3d result -4.
0628:err:d3dcompiler:D3DCompile2 Shader log:
0628:err:d3dcompiler:D3DCompile2     C:\fakepath:61:22: E5005: Function "fwidth" is not defined.
0628:err:d3dcompiler:D3DCompile2 
vkd3d:fixme:hlsl_yylex Unsupported preprocessor #pragma directive at line 8.
0634:err:d3dcompiler:D3DCompile2 Failed to compile shader, vkd3d result -4.
0634:err:d3dcompiler:D3DCompile2 Shader log:
0634:err:d3dcompiler:D3DCompile2     C:\fakepath:53:35: E5000: syntax error, unexpected '(', expecting ';' or ','
0634:err:d3dcompiler:D3DCompile2 
0628:fixme:d3dcompiler:D3DCompile2 Ignoring flags 0xc004.
vkd3d:fixme:hlsl_yylex Unsupported preprocessor #pragma directive at line 9.
0628:err:d3dcompiler:D3DCompile2 Failed to compile shader, vkd3d result -4.
0628:err:d3dcompiler:D3DCompile2 Shader log:
0628:err:d3dcompiler:D3DCompile2     C:\fakepath:61:22: E5005: Function "fwidth" is not defined.
0628:err:d3dcompiler:D3DCompile2 
0634:fixme:d3dcompiler:D3DCompile2 Ignoring flags 0xc002.
vkd3d:fixme:hlsl_yylex Unsupported preprocessor #pragma directive at line 8.
0634:err:d3dcompiler:D3DCompile2 Failed to compile shader, vkd3d result -4.
0634:err:d3dcompiler:D3DCompile2 Shader log:
0634:err:d3dcompiler:D3DCompile2     C:\fakepath:53:35: E5000: syntax error, unexpected '(', expecting ';' or ','
0634:err:d3dcompiler:D3DCompile2 
0634:fixme:d3dcompiler:D3DCompile2 Ignoring flags 0xc004.
vkd3d:fixme:hlsl_yylex Unsupported preprocessor #pragma directive at line 8.
0634:err:d3dcompiler:D3DCompile2 Failed to compile shader, vkd3d result -4.
0634:err:d3dcompiler:D3DCompile2 Shader log:
0634:err:d3dcompiler:D3DCompile2     C:\fakepath:53:35: E5000: syntax error, unexpected '(', expecting ';' or ','
0634:err:d3dcompiler:D3DCompile2 
0628:fixme:d3dcompiler:D3DCompile2 Ignoring flags 0xc000.
vkd3d:fixme:hlsl_yylex Unsupported preprocessor #pragma directive at line 7.
0628:err:d3dcompiler:D3DCompile2 Failed to compile shader, vkd3d result -4.
0628:err:d3dcompiler:D3DCompile2 Shader log:
0628:err:d3dcompiler:D3DCompile2     C:\fakepath:33:35: E5000: syntax error, unexpected '(', expecting ';' or ','
0628:err:d3dcompiler:D3DCompile2 
0634:fixme:d3dcompiler:D3DCompile2 Ignoring flags 0xc000.
vkd3d:fixme:hlsl_yylex Unsupported preprocessor #pragma directive at line 8.
0634:err:d3dcompiler:D3DCompile2 Failed to compile shader, vkd3d result -5.
0634:err:d3dcompiler:D3DCompile2 Shader log:
0634:err:d3dcompiler:D3DCompile2     C:\fakepath:46:8: E5017: Aborting due to not yet implemented feature: Call to user-defined function "generateOutput".
0634:err:d3dcompiler:D3DCompile2 
0628:fixme:d3dcompiler:D3DCompile2 Ignoring flags 0xc002.
vkd3d:fixme:hlsl_yylex Unsupported preprocessor #pragma directive at line 7.
0628:err:d3dcompiler:D3DCompile2 Failed to compile shader, vkd3d result -4.
0628:err:d3dcompiler:D3DCompile2 Shader log:
0628:err:d3dcompiler:D3DCompile2     C:\fakepath:33:35: E5000: syntax error, unexpected '(', expecting ';' or ','
0628:err:d3dcompiler:D3DCompile2 
0410:fixme:dxgi:d3d11_swapchain_Present1 Ignored present parameters 0000000000111BA0.
0628:fixme:d3dcompiler:D3DCompile2 Ignoring flags 0xc004.
0634:fixme:d3dcompiler:D3DCompile2 Ignoring flags 0xc002.
vkd3d:fixme:hlsl_yylex Unsupported preprocessor #pragma directive at line 8.
0634:err:d3dcompiler:D3DCompile2 Failed to compile shader, vkd3d result -5.
0634:err:d3dcompiler:D3DCompile2 Shader log:
0634:err:d3dcompiler:D3DCompile2     C:\fakepath:46:8: E5017: Aborting due to not yet implemented feature: Call to user-defined function "generateOutput".
0634:err:d3dcompiler:D3DCompile2 
vkd3d:fixme:hlsl_yylex Unsupported preprocessor #pragma directive at line 7.
0628:err:d3dcompiler:D3DCompile2 Failed to compile shader, vkd3d result -4.
0628:err:d3dcompiler:D3DCompile2 Shader log:
0628:err:d3dcompiler:D3DCompile2     C:\fakepath:33:35: E5000: syntax error, unexpected '(', expecting ';' or ','
0628:err:d3dcompiler:D3DCompile2 
0634:fixme:d3dcompiler:D3DCompile2 Ignoring flags 0xc004.
vkd3d:fixme:hlsl_yylex Unsupported preprocessor #pragma directive at line 8.
0634:err:d3dcompiler:D3DCompile2 Failed to compile shader, vkd3d result -5.
0634:err:d3dcompiler:D3DCompile2 Shader log:
0634:err:d3dcompiler:D3DCompile2     C:\fakepath:46:8: E5017: Aborting due to not yet implemented feature: Call to user-defined function "generateOutput".
0634:err:d3dcompiler:D3DCompile2 
0630:fixme:d3dcompiler:D3DCompile2 Ignoring flags 0xc000.
041c:fixme:d3d:state_linepattern_w Setting line patterns is not supported in OpenGL core contexts.
vkd3d:fixme:hlsl_yylex Unsupported preprocessor #pragma directive at line 8.
0628:fixme:d3dcompiler:D3DCompile2 Ignoring flags 0xc000.
vkd3d:fixme:hlsl_yylex Unsupported preprocessor #pragma directive at line 9.
0628:err:d3dcompiler:D3DCompile2 Failed to compile shader, vkd3d result -4.
0628:err:d3dcompiler:D3DCompile2 Shader log:
0628:err:d3dcompiler:D3DCompile2     C:\fakepath:38:52: E5000: syntax error, unexpected '(', expecting ';' or ','
0628:err:d3dcompiler:D3DCompile2 
0628:fixme:d3dcompiler:D3DCompile2 Ignoring flags 0xc002.
vkd3d:fixme:hlsl_yylex Unsupported preprocessor #pragma directive at line 9.
0628:err:d3dcompiler:D3DCompile2 Failed to compile shader, vkd3d result -4.
0628:err:d3dcompiler:D3DCompile2 Shader log:
0628:err:d3dcompiler:D3DCompile2     C:\fakepath:38:52: E5000: syntax error, unexpected '(', expecting ';' or ','
0628:err:d3dcompiler:D3DCompile2 
0628:fixme:d3dcompiler:D3DCompile2 Ignoring flags 0xc004.
0630:err:d3dcompiler:D3DCompile2 Failed to compile shader, vkd3d result -4.
0630:err:d3dcompiler:D3DCompile2 Shader log:
0630:err:d3dcompiler:D3DCompile2     C:\fakepath:50:35: E5000: syntax error, unexpected '(', expecting ';' or ','
0630:err:d3dcompiler:D3DCompile2 
vkd3d:fixme:hlsl_yylex Unsupported preprocessor #pragma directive at line 9.
0628:err:d3dcompiler:D3DCompile2 Failed to compile shader, vkd3d result -4.
0628:err:d3dcompiler:D3DCompile2 Shader log:
0628:err:d3dcompiler:D3DCompile2     C:\fakepath:38:52: E5000: syntax error, unexpected '(', expecting ';' or ','
0628:err:d3dcompiler:D3DCompile2 
0630:fixme:d3dcompiler:D3DCompile2 Ignoring flags 0xc002.
vkd3d:fixme:hlsl_yylex Unsupported preprocessor #pragma directive at line 8.
0630:err:d3dcompiler:D3DCompile2 Failed to compile shader, vkd3d result -4.
0630:err:d3dcompiler:D3DCompile2 Shader log:
0630:err:d3dcompiler:D3DCompile2     C:\fakepath:50:35: E5000: syntax error, unexpected '(', expecting ';' or ','
0630:err:d3dcompiler:D3DCompile2 
0630:fixme:d3dcompiler:D3DCompile2 Ignoring flags 0xc004.
vkd3d:fixme:hlsl_yylex Unsupported preprocessor #pragma directive at line 8.
0630:err:d3dcompiler:D3DCompile2 Failed to compile shader, vkd3d result -4.
0630:err:d3dcompiler:D3DCompile2 Shader log:
0630:err:d3dcompiler:D3DCompile2     C:\fakepath:50:35: E5000: syntax error, unexpected '(', expecting ';' or ','
0630:err:d3dcompiler:D3DCompile2 
0638:fixme:d3dcompiler:D3DCompile2 Ignoring flags 0xc000.
0628:fixme:d3dcompiler:D3DCompile2 Ignoring flags 0xc000.
vkd3d:fixme:hlsl_yylex Unsupported preprocessor #pragma directive at line 9.
0638:err:d3dcompiler:D3DCompile2 Failed to compile shader, vkd3d result -5.
0638:err:d3dcompiler:D3DCompile2 Shader log:
0638:err:d3dcompiler:D3DCompile2     C:\fakepath:58:33: E5017: Aborting due to not yet implemented feature: Call to user-defined function "vec4_ctor".
0638:err:d3dcompiler:D3DCompile2 
vkd3d:fixme:hlsl_yylex Unsupported preprocessor #pragma directive at line 8.
0628:err:d3dcompiler:D3DCompile2 Failed to compile shader, vkd3d result -4.
0628:err:d3dcompiler:D3DCompile2 Shader log:
0628:err:d3dcompiler:D3DCompile2     C:\fakepath:36:35: E5000: syntax error, unexpected '(', expecting ';' or ','
0628:err:d3dcompiler:D3DCompile2 
0638:fixme:d3dcompiler:D3DCompile2 Ignoring flags 0xc002.
vkd3d:fixme:hlsl_yylex Unsupported preprocessor #pragma directive at line 9.
0638:err:d3dcompiler:D3DCompile2 Failed to compile shader, vkd3d result -5.
0638:err:d3dcompiler:D3DCompile2 Shader log:
0638:err:d3dcompiler:D3DCompile2     C:\fakepath:58:33: E5017: Aborting due to not yet implemented feature: Call to user-defined function "vec4_ctor".
0638:err:d3dcompiler:D3DCompile2 
0638:fixme:d3dcompiler:D3DCompile2 Ignoring flags 0xc004.
vkd3d:fixme:hlsl_yylex Unsupported preprocessor #pragma directive at line 9.
0628:fixme:d3dcompiler:D3DCompile2 Ignoring flags 0xc002.
0638:err:d3dcompiler:D3DCompile2 Failed to compile shader, vkd3d result -5.
0638:err:d3dcompiler:D3DCompile2 Shader log:
0638:err:d3dcompiler:D3DCompile2     C:\fakepath:58:33: E5017: Aborting due to not yet implemented feature: Call to user-defined function "vec4_ctor".
0638:err:d3dcompiler:D3DCompile2 
vkd3d:fixme:hlsl_yylex Unsupported preprocessor #pragma directive at line 8.
0628:err:d3dcompiler:D3DCompile2 Failed to compile shader, vkd3d result -4.
0628:err:d3dcompiler:D3DCompile2 Shader log:
0628:err:d3dcompiler:D3DCompile2     C:\fakepath:36:35: E5000: syntax error, unexpected '(', expecting ';' or ','
0628:err:d3dcompiler:D3DCompile2 
0628:fixme:d3dcompiler:D3DCompile2 Ignoring flags 0xc004.
vkd3d:fixme:hlsl_yylex Unsupported preprocessor #pragma directive at line 8.
0628:err:d3dcompiler:D3DCompile2 Failed to compile shader, vkd3d result -4.
0628:err:d3dcompiler:D3DCompile2 Shader log:
0628:err:d3dcompiler:D3DCompile2     C:\fakepath:36:35: E5000: syntax error, unexpected '(', expecting ';' or ','
0628:err:d3dcompiler:D3DCompile2 
0638:fixme:d3dcompiler:D3DCompile2 Ignoring flags 0xc000.
vkd3d:fixme:hlsl_yylex Unsupported preprocessor #pragma directive at line 8.
0638:err:d3dcompiler:D3DCompile2 Failed to compile shader, vkd3d result -4.
0638:err:d3dcompiler:D3DCompile2 Shader log:
0638:err:d3dcompiler:D3DCompile2     C:\fakepath:50:35: E5000: syntax error, unexpected '(', expecting ';' or ','
0638:err:d3dcompiler:D3DCompile2 
0634:fixme:d3dcompiler:D3DCompile2 Ignoring flags 0xc000.
vkd3d:fixme:hlsl_yylex Unsupported preprocessor #pragma directive at line 9.
0634:err:d3dcompiler:D3DCompile2 Failed to compile shader, vkd3d result -4.
0634:err:d3dcompiler:D3DCompile2 Shader log:
0634:err:d3dcompiler:D3DCompile2     C:\fakepath:38:52: E5000: syntax error, unexpected '(', expecting ';' or ','
0634:err:d3dcompiler:D3DCompile2 
0638:fixme:d3dcompiler:D3DCompile2 Ignoring flags 0xc002.
0634:fixme:d3dcompiler:D3DCompile2 Ignoring flags 0xc002.
vkd3d:fixme:hlsl_yylex Unsupported preprocessor #pragma directive at line 9.
0634:err:d3dcompiler:D3DCompile2 Failed to compile shader, vkd3d result -4.
0634:err:d3dcompiler:D3DCompile2 Shader log:
0634:err:d3dcompiler:D3DCompile2     C:\fakepath:38:52: E5000: syntax error, unexpected '(', expecting ';' or ','
0634:err:d3dcompiler:D3DCompile2 
0634:fixme:d3dcompiler:D3DCompile2 Ignoring flags 0xc004.
vkd3d:fixme:hlsl_yylex Unsupported preprocessor #pragma directive at line 9.
0634:err:d3dcompiler:D3DCompile2 Failed to compile shader, vkd3d result -4.
0634:err:d3dcompiler:D3DCompile2 Shader log:
0634:err:d3dcompiler:D3DCompile2     C:\fakepath:38:52: E5000: syntax error, unexpected '(', expecting ';' or ','
0634:err:d3dcompiler:D3DCompile2 
vkd3d:fixme:hlsl_yylex Unsupported preprocessor #pragma directive at line 8.
0638:err:d3dcompiler:D3DCompile2 Failed to compile shader, vkd3d result -4.
0638:err:d3dcompiler:D3DCompile2 Shader log:
0638:err:d3dcompiler:D3DCompile2     C:\fakepath:50:35: E5000: syntax error, unexpected '(', expecting ';' or ','
0638:err:d3dcompiler:D3DCompile2 
0638:fixme:d3dcompiler:D3DCompile2 Ignoring flags 0xc004.
vkd3d:fixme:hlsl_yylex Unsupported preprocessor #pragma directive at line 8.
0638:err:d3dcompiler:D3DCompile2 Failed to compile shader, vkd3d result -4.
0638:err:d3dcompiler:D3DCompile2 Shader log:
0638:err:d3dcompiler:D3DCompile2     C:\fakepath:50:35: E5000: syntax error, unexpected '(', expecting ';' or ','
0638:err:d3dcompiler:D3DCompile2 
0634:fixme:d3dcompiler:D3DCompile2 Ignoring flags 0xc000.
0638:fixme:d3dcompiler:D3DCompile2 Ignoring flags 0xc000.
vkd3d:fixme:hlsl_yylex Unsupported preprocessor #pragma directive at line 8.
0638:err:d3dcompiler:D3DCompile2 Failed to compile shader, vkd3d result -5.
0638:err:d3dcompiler:D3DCompile2 Shader log:
0638:err:d3dcompiler:D3DCompile2     C:\fakepath:46:8: E5017: Aborting due to not yet implemented feature: Call to user-defined function "generateOutput".
0638:err:d3dcompiler:D3DCompile2 
vkd3d:fixme:hlsl_yylex Unsupported preprocessor #pragma directive at line 7.
0634:err:d3dcompiler:D3DCompile2 Failed to compile shader, vkd3d result -4.
0634:err:d3dcompiler:D3DCompile2 Shader log:
0634:err:d3dcompiler:D3DCompile2     C:\fakepath:33:35: E5000: syntax error, unexpected '(', expecting ';' or ','
0634:err:d3dcompiler:D3DCompile2 
0638:fixme:d3dcompiler:D3DCompile2 Ignoring flags 0xc002.
0634:fixme:d3dcompiler:D3DCompile2 Ignoring flags 0xc002.
vkd3d:fixme:hlsl_yylex Unsupported preprocessor #pragma directive at line 8.
0638:err:d3dcompiler:D3DCompile2 Failed to compile shader, vkd3d result -5.
0638:err:d3dcompiler:D3DCompile2 Shader log:
0638:err:d3dcompiler:D3DCompile2     C:\fakepath:46:8: E5017: Aborting due to not yet implemented feature: Call to user-defined function "generateOutput".
0638:err:d3dcompiler:D3DCompile2 
vkd3d:fixme:hlsl_yylex Unsupported preprocessor #pragma directive at line 7.
0634:err:d3dcompiler:D3DCompile2 Failed to compile shader, vkd3d result -4.
0634:err:d3dcompiler:D3DCompile2 Shader log:
0634:err:d3dcompiler:D3DCompile2     C:\fakepath:33:35: E5000: syntax error, unexpected '(', expecting ';' or ','
0634:err:d3dcompiler:D3DCompile2 
0638:fixme:d3dcompiler:D3DCompile2 Ignoring flags 0xc004.
0634:fixme:d3dcompiler:D3DCompile2 Ignoring flags 0xc004.
vkd3d:fixme:hlsl_yylex Unsupported preprocessor #pragma directive at line 8.
0638:err:d3dcompiler:D3DCompile2 Failed to compile shader, vkd3d result -5.
0638:err:d3dcompiler:D3DCompile2 Shader log:
0638:err:d3dcompiler:D3DCompile2     C:\fakepath:46:8: E5017: Aborting due to not yet implemented feature: Call to user-defined function "generateOutput".
0638:err:d3dcompiler:D3DCompile2 
vkd3d:fixme:hlsl_yylex Unsupported preprocessor #pragma directive at line 7.
0634:err:d3dcompiler:D3DCompile2 Failed to compile shader, vkd3d result -4.
0634:err:d3dcompiler:D3DCompile2 Shader log:
0634:err:d3dcompiler:D3DCompile2     C:\fakepath:33:35: E5000: syntax error, unexpected '(', expecting ';' or ','
0634:err:d3dcompiler:D3DCompile2 
0630:fixme:d3dcompiler:D3DCompile2 Ignoring flags 0xc000.
0638:fixme:d3dcompiler:D3DCompile2 Ignoring flags 0xc000.
vkd3d:fixme:hlsl_yylex Unsupported preprocessor #pragma directive at line 8.
0638:err:d3dcompiler:D3DCompile2 Failed to compile shader, vkd3d result -5.
0638:err:d3dcompiler:D3DCompile2 Shader log:
0638:err:d3dcompiler:D3DCompile2     C:\fakepath:46:8: E5017: Aborting due to not yet implemented feature: Call to user-defined function "generateOutput".
0638:err:d3dcompiler:D3DCompile2 
vkd3d:fixme:hlsl_yylex Unsupported preprocessor #pragma directive at line 7.
0630:err:d3dcompiler:D3DCompile2 Failed to compile shader, vkd3d result -4.
0630:err:d3dcompiler:D3DCompile2 Shader log:
0630:err:d3dcompiler:D3DCompile2     C:\fakepath:33:35: E5000: syntax error, unexpected '(', expecting ';' or ','
0630:err:d3dcompiler:D3DCompile2 
0638:fixme:d3dcompiler:D3DCompile2 Ignoring flags 0xc002.
vkd3d:fixme:hlsl_yylex Unsupported preprocessor #pragma directive at line 8.
0630:fixme:d3dcompiler:D3DCompile2 Ignoring flags 0xc002.
0638:err:d3dcompiler:D3DCompile2 Failed to compile shader, vkd3d result -5.
0638:err:d3dcompiler:D3DCompile2 Shader log:
0638:err:d3dcompiler:D3DCompile2     C:\fakepath:46:8: E5017: Aborting due to not yet implemented feature: Call to user-defined function "generateOutput".
0638:err:d3dcompiler:D3DCompile2 
vkd3d:fixme:hlsl_yylex Unsupported preprocessor #pragma directive at line 7.
0630:err:d3dcompiler:D3DCompile2 Failed to compile shader, vkd3d result -4.
0630:err:d3dcompiler:D3DCompile2 Shader log:
0630:err:d3dcompiler:D3DCompile2     C:\fakepath:33:35: E5000: syntax error, unexpected '(', expecting ';' or ','
0630:err:d3dcompiler:D3DCompile2 
0638:fixme:d3dcompiler:D3DCompile2 Ignoring flags 0xc004.
vkd3d:fixme:hlsl_yylex Unsupported preprocessor #pragma directive at line 8.
0630:fixme:d3dcompiler:D3DCompile2 Ignoring flags 0xc004.
0638:err:d3dcompiler:D3DCompile2 Failed to compile shader, vkd3d result -5.
0638:err:d3dcompiler:D3DCompile2 Shader log:
0638:err:d3dcompiler:D3DCompile2     C:\fakepath:46:8: E5017: Aborting due to not yet implemented feature: Call to user-defined function "generateOutput".
0638:err:d3dcompiler:D3DCompile2 
vkd3d:fixme:hlsl_yylex Unsupported preprocessor #pragma directive at line 7.
0630:err:d3dcompiler:D3DCompile2 Failed to compile shader, vkd3d result -4.
0630:err:d3dcompiler:D3DCompile2 Shader log:
0630:err:d3dcompiler:D3DCompile2     C:\fakepath:33:35: E5000: syntax error, unexpected '(', expecting ';' or ','
0630:err:d3dcompiler:D3DCompile2 
0630:fixme:d3dcompiler:D3DCompile2 Ignoring flags 0xc000.
