08a8:err:d3dcompiler:D3DCompile2     C:\fakepath:40:52: E5000: syntax error, unexpected '(', expecting ';' or ','
08a8:err:d3dcompiler:D3DCompile2 
08a8:fixme:d3dcompiler:D3DCompile2 Ignoring flags 0xc002.
vkd3d:fixme:hlsl_yylex Unsupported preprocessor #pragma directive at line 8.
08a8:err:d3dcompiler:D3DCompile2 Failed to compile shader, vkd3d result -4.
08a8:err:d3dcompiler:D3DCompile2 Shader log:
08a8:err:d3dcompiler:D3DCompile2     C:\fakepath:40:52: E5000: syntax error, unexpected '(', expecting ';' or ','
08a8:err:d3dcompiler:D3DCompile2 
08a8:fixme:d3dcompiler:D3DCompile2 Ignoring flags 0xc004.
vkd3d:fixme:hlsl_yylex Unsupported preprocessor #pragma directive at line 8.
08a8:err:d3dcompiler:D3DCompile2 Failed to compile shader, vkd3d result -4.
08a8:err:d3dcompiler:D3DCompile2 Shader log:
08a8:err:d3dcompiler:D3DCompile2     C:\fakepath:40:52: E5000: syntax error, unexpected '(', expecting ';' or ','
08a8:err:d3dcompiler:D3DCompile2 
vkd3d:fixme:hlsl_yylex Unsupported preprocessor #pragma directive at line 7.
08ac:err:d3dcompiler:D3DCompile2 Failed to compile shader, vkd3d result -4.
08ac:err:d3dcompiler:D3DCompile2 Shader log:
08ac:err:d3dcompiler:D3DCompile2     C:\fakepath:31:35: E5000: syntax error, unexpected '(', expecting ';' or ','
08ac:err:d3dcompiler:D3DCompile2 
08ac:fixme:d3dcompiler:D3DCompile2 Ignoring flags 0xc002.
vkd3d:fixme:hlsl_yylex Unsupported preprocessor #pragma directive at line 7.
08ac:err:d3dcompiler:D3DCompile2 Failed to compile shader, vkd3d result -4.
08ac:err:d3dcompiler:D3DCompile2 Shader log:
08ac:err:d3dcompiler:D3DCompile2     C:\fakepath:31:35: E5000: syntax error, unexpected '(', expecting ';' or ','
08ac:err:d3dcompiler:D3DCompile2 
08ac:fixme:d3dcompiler:D3DCompile2 Ignoring flags 0xc004.
vkd3d:fixme:hlsl_yylex Unsupported preprocessor #pragma directive at line 7.
08ac:err:d3dcompiler:D3DCompile2 Failed to compile shader, vkd3d result -4.
08ac:err:d3dcompiler:D3DCompile2 Shader log:
08ac:err:d3dcompiler:D3DCompile2     C:\fakepath:31:35: E5000: syntax error, unexpected '(', expecting ';' or ','
08ac:err:d3dcompiler:D3DCompile2 
08a0:fixme:d3dcompiler:D3DCompile2 Ignoring flags 0xc000.
08ac:fixme:d3dcompiler:D3DCompile2 Ignoring flags 0xc000.
vkd3d:fixme:hlsl_yylex Unsupported preprocessor #pragma directive at line 8.
vkd3d:fixme:hlsl_yylex Unsupported preprocessor #pragma directive at line 7.
08ac:err:d3dcompiler:D3DCompile2 Failed to compile shader, vkd3d result -4.
08ac:err:d3dcompiler:D3DCompile2 Shader log:
08ac:err:d3dcompiler:D3DCompile2     C:\fakepath:39:52: E5000: syntax error, unexpected '(', expecting ';' or ','
08a0:err:d3dcompiler:D3DCompile2 Failed to compile shader, vkd3d result -4.
08ac:err:d3dcompiler:D3DCompile2 
08a0:err:d3dcompiler:D3DCompile2 Shader log:
08a0:err:d3dcompiler:D3DCompile2     C:\fakepath:31:35: E5000: syntax error, unexpected '(', expecting ';' or ','
08a0:err:d3dcompiler:D3DCompile2 
08ac:fixme:d3dcompiler:D3DCompile2 Ignoring flags 0xc002.
08a0:fixme:d3dcompiler:D3DCompile2 Ignoring flags 0xc002.
vkd3d:fixme:hlsl_yylex Unsupported preprocessor #pragma directive at line 8.
vkd3d:fixme:hlsl_yylex Unsupported preprocessor #pragma directive at line 7.
08ac:err:d3dcompiler:D3DCompile2 Failed to compile shader, vkd3d result -4.
08ac:err:d3dcompiler:D3DCompile2 Shader log:
08ac:err:d3dcompiler:D3DCompile2     C:\fakepath:39:52: E5000: syntax error, unexpected '(', expecting ';' or ','
08ac:err:d3dcompiler:D3DCompile2 
08ac:fixme:d3dcompiler:D3DCompile2 Ignoring flags 0xc004.
08a0:err:d3dcompiler:D3DCompile2 Failed to compile shader, vkd3d result -4.
08a0:err:d3dcompiler:D3DCompile2 Shader log:
08a0:err:d3dcompiler:D3DCompile2     C:\fakepath:31:35: E5000: syntax error, unexpected '(', expecting ';' or ','
08a0:err:d3dcompiler:D3DCompile2 
08a0:fixme:d3dcompiler:D3DCompile2 Ignoring flags 0xc004.
vkd3d:fixme:hlsl_yylex Unsupported preprocessor #pragma directive at line 8.
08ac:err:d3dcompiler:D3DCompile2 Failed to compile shader, vkd3d result -4.
08ac:err:d3dcompiler:D3DCompile2 Shader log:
08ac:err:d3dcompiler:D3DCompile2     C:\fakepath:39:52: E5000: syntax error, unexpected '(', expecting ';' or ','
08ac:err:d3dcompiler:D3DCompile2 
vkd3d:fixme:hlsl_yylex Unsupported preprocessor #pragma directive at line 7.
08a0:err:d3dcompiler:D3DCompile2 Failed to compile shader, vkd3d result -4.
08a0:err:d3dcompiler:D3DCompile2 Shader log:
08a0:err:d3dcompiler:D3DCompile2     C:\fakepath:31:35: E5000: syntax error, unexpected '(', expecting ';' or ','
08a0:err:d3dcompiler:D3DCompile2 
08a4:fixme:d3dcompiler:D3DCompile2 Ignoring flags 0xc000.
vkd3d:fixme:hlsl_yylex Unsupported preprocessor #pragma directive at line 7.
08a4:err:d3dcompiler:D3DCompile2 Failed to compile shader, vkd3d result -4.
08a4:err:d3dcompiler:D3DCompile2 Shader log:
08a4:err:d3dcompiler:D3DCompile2     C:\fakepath:31:35: E5000: syntax error, unexpected '(', expecting ';' or ','
08a4:err:d3dcompiler:D3DCompile2 
08a4:fixme:d3dcompiler:D3DCompile2 Ignoring flags 0xc002.
vkd3d:fixme:hlsl_yylex Unsupported preprocessor #pragma directive at line 7.
08a8:fixme:d3dcompiler:D3DCompile2 Ignoring flags 0xc000.
08a4:err:d3dcompiler:D3DCompile2 Failed to compile shader, vkd3d result -4.
08a4:err:d3dcompiler:D3DCompile2 Shader log:
08a4:err:d3dcompiler:D3DCompile2     C:\fakepath:31:35: E5000: syntax error, unexpected '(', expecting ';' or ','
08a4:err:d3dcompiler:D3DCompile2 
08a4:fixme:d3dcompiler:D3DCompile2 Ignoring flags 0xc004.
vkd3d:fixme:hlsl_yylex Unsupported preprocessor #pragma directive at line 8.
vkd3d:fixme:hlsl_yylex Unsupported preprocessor #pragma directive at line 7.
08a4:err:d3dcompiler:D3DCompile2 Failed to compile shader, vkd3d result -4.
08a4:err:d3dcompiler:D3DCompile2 Shader log:
08a4:err:d3dcompiler:D3DCompile2     C:\fakepath:31:35: E5000: syntax error, unexpected '(', expecting ';' or ','
08a4:err:d3dcompiler:D3DCompile2 
08a8:err:d3dcompiler:D3DCompile2 Failed to compile shader, vkd3d result -4.
08a8:err:d3dcompiler:D3DCompile2 Shader log:
08a8:err:d3dcompiler:D3DCompile2     C:\fakepath:39:52: E5000: syntax error, unexpected '(', expecting ';' or ','
08a8:err:d3dcompiler:D3DCompile2 
08a8:fixme:d3dcompiler:D3DCompile2 Ignoring flags 0xc002.
vkd3d:fixme:hlsl_yylex Unsupported preprocessor #pragma directive at line 8.
08a8:err:d3dcompiler:D3DCompile2 Failed to compile shader, vkd3d result -4.
08a8:err:d3dcompiler:D3DCompile2 Shader log:
08a8:err:d3dcompiler:D3DCompile2     C:\fakepath:39:52: E5000: syntax error, unexpected '(', expecting ';' or ','
08a8:err:d3dcompiler:D3DCompile2 
08a8:fixme:d3dcompiler:D3DCompile2 Ignoring flags 0xc004.
vkd3d:fixme:hlsl_yylex Unsupported preprocessor #pragma directive at line 8.
08a8:err:d3dcompiler:D3DCompile2 Failed to compile shader, vkd3d result -4.
08a8:err:d3dcompiler:D3DCompile2 Shader log:
08a8:err:d3dcompiler:D3DCompile2     C:\fakepath:39:52: E5000: syntax error, unexpected '(', expecting ';' or ','
08a8:err:d3dcompiler:D3DCompile2 
0410:fixme:dxgi:d3d11_swapchain_Present1 Ignored present parameters 0000000000119CD0.
0410:fixme:win:NtUserFlashWindowEx 0x11b060 - semi-stub
08a8:fixme:d3dcompiler:D3DCompile2 Ignoring flags 0xc000.
08a0:fixme:d3dcompiler:D3DCompile2 Ignoring flags 0xc000.
vkd3d:fixme:hlsl_yylex Unsupported preprocessor #pragma directive at line 6.
vkd3d:fixme:hlsl_yylex Unsupported preprocessor #pragma directive at line 7.
08a8:err:d3dcompiler:D3DCompile2 Failed to compile shader, vkd3d result -5.
08a8:err:d3dcompiler:D3DCompile2 Shader log:
08a8:err:d3dcompiler:D3DCompile2     C:\fakepath:44:20: E5017: Aborting due to not yet implemented feature: Call to user-defined function "f_srcPixel".
08a8:err:d3dcompiler:D3DCompile2 
08a8:fixme:d3dcompiler:D3DCompile2 Ignoring flags 0xc002.
vkd3d:fixme:hlsl_yylex Unsupported preprocessor #pragma directive at line 7.
08a8:err:d3dcompiler:D3DCompile2 Failed to compile shader, vkd3d result -5.
08a8:err:d3dcompiler:D3DCompile2 Shader log:
08a8:err:d3dcompiler:D3DCompile2     C:\fakepath:44:20: E5017: Aborting due to not yet implemented feature: Call to user-defined function "f_srcPixel".
08a8:err:d3dcompiler:D3DCompile2 
08a8:fixme:d3dcompiler:D3DCompile2 Ignoring flags 0xc004.
vkd3d:fixme:hlsl_yylex Unsupported preprocessor #pragma directive at line 7.
08a8:err:d3dcompiler:D3DCompile2 Failed to compile shader, vkd3d result -5.
08a8:err:d3dcompiler:D3DCompile2 Shader log:
08a8:err:d3dcompiler:D3DCompile2     C:\fakepath:44:20: E5017: Aborting due to not yet implemented feature: Call to user-defined function "f_srcPixel".
08a8:err:d3dcompiler:D3DCompile2 
08a0:err:d3dcompiler:D3DCompile2 Failed to compile shader, vkd3d result -4.
08a0:err:d3dcompiler:D3DCompile2 Shader log:
08a0:err:d3dcompiler:D3DCompile2     C:\fakepath:38:35: E5000: syntax error, unexpected '(', expecting ';' or ','
08a0:err:d3dcompiler:D3DCompile2 
08a0:fixme:d3dcompiler:D3DCompile2 Ignoring flags 0xc002.
vkd3d:fixme:hlsl_yylex Unsupported preprocessor #pragma directive at line 6.
08a0:err:d3dcompiler:D3DCompile2 Failed to compile shader, vkd3d result -4.
08a0:err:d3dcompiler:D3DCompile2 Shader log:
08a0:err:d3dcompiler:D3DCompile2     C:\fakepath:38:35: E5000: syntax error, unexpected '(', expecting ';' or ','
08a0:err:d3dcompiler:D3DCompile2 
08a0:fixme:d3dcompiler:D3DCompile2 Ignoring flags 0xc004.
vkd3d:fixme:hlsl_yylex Unsupported preprocessor #pragma directive at line 6.
0714:fixme:winsock:setsockopt Ignoring SO_RANDOMIZE_PORT
08a0:err:d3dcompiler:D3DCompile2 Failed to compile shader, vkd3d result -4.
08a0:err:d3dcompiler:D3DCompile2 Shader log:
08a0:err:d3dcompiler:D3DCompile2     C:\fakepath:38:35: E5000: syntax error, unexpected '(', expecting ';' or ','
08a0:err:d3dcompiler:D3DCompile2 
08ac:fixme:d3dcompiler:D3DCompile2 Ignoring flags 0xc000.
vkd3d:fixme:hlsl_yylex Unsupported preprocessor #pragma directive at line 7.
08ac:err:d3dcompiler:D3DCompile2 Failed to compile shader, vkd3d result -4.
08ac:err:d3dcompiler:D3DCompile2 Shader log:
08ac:err:d3dcompiler:D3DCompile2     C:\fakepath:26:35: E5000: syntax error, unexpected '(', expecting ';' or ','
08ac:err:d3dcompiler:D3DCompile2 
08ac:fixme:d3dcompiler:D3DCompile2 Ignoring flags 0xc002.
vkd3d:fixme:hlsl_yylex Unsupported preprocessor #pragma directive at line 7.
08ac:err:d3dcompiler:D3DCompile2 Failed to compile shader, vkd3d result -4.
08ac:err:d3dcompiler:D3DCompile2 Shader log:
08ac:err:d3dcompiler:D3DCompile2     C:\fakepath:26:35: E5000: syntax error, unexpected '(', expecting ';' or ','
08ac:err:d3dcompiler:D3DCompile2 
08ac:fixme:d3dcompiler:D3DCompile2 Ignoring flags 0xc004.
08a0:fixme:d3dcompiler:D3DCompile2 Ignoring flags 0xc000.
vkd3d:fixme:hlsl_yylex Unsupported preprocessor #pragma directive at line 8.
08a0:err:d3dcompiler:D3DCompile2 Failed to compile shader, vkd3d result -4.
08a0:err:d3dcompiler:D3DCompile2 Shader log:
08a0:err:d3dcompiler:D3DCompile2     C:\fakepath:39:52: E5000: syntax error, unexpected '(', expecting ';' or ','
08a0:err:d3dcompiler:D3DCompile2 
08a0:fixme:d3dcompiler:D3DCompile2 Ignoring flags 0xc002.
vkd3d:fixme:hlsl_yylex Unsupported preprocessor #pragma directive at line 8.
vkd3d:fixme:hlsl_yylex Unsupported preprocessor #pragma directive at line 7.
08a0:err:d3dcompiler:D3DCompile2 Failed to compile shader, vkd3d result -4.
08a0:err:d3dcompiler:D3DCompile2 Shader log:
08a0:err:d3dcompiler:D3DCompile2     C:\fakepath:39:52: E5000: syntax error, unexpected '(', expecting ';' or ','
08a0:err:d3dcompiler:D3DCompile2 
08a0:fixme:d3dcompiler:D3DCompile2 Ignoring flags 0xc004.
0638:fixme:d3dcompiler:D3DCompile2 Ignoring flags 0xc000.
vkd3d:fixme:hlsl_yylex Unsupported preprocessor #pragma directive at line 8.
vkd3d:fixme:hlsl_yylex Unsupported preprocessor #pragma directive at line 7.
08a0:err:d3dcompiler:D3DCompile2 Failed to compile shader, vkd3d result -4.
08a0:err:d3dcompiler:D3DCompile2 Shader log:
08a0:err:d3dcompiler:D3DCompile2     C:\fakepath:39:52: E5000: syntax error, unexpected '(', expecting ';' or ','
08a0:err:d3dcompiler:D3DCompile2 
08ac:err:d3dcompiler:D3DCompile2 Failed to compile shader, vkd3d result -4.
08ac:err:d3dcompiler:D3DCompile2 Shader log:
08ac:err:d3dcompiler:D3DCompile2     C:\fakepath:26:35: E5000: syntax error, unexpected '(', expecting ';' or ','
08ac:err:d3dcompiler:D3DCompile2 
0628:fixme:d3dcompiler:D3DCompile2 Ignoring flags 0xc000.
0638:err:d3dcompiler:D3DCompile2 Failed to compile shader, vkd3d result -4.
0638:err:d3dcompiler:D3DCompile2 Shader log:
vkd3d:fixme:hlsl_yylex Unsupported preprocessor #pragma directive at line 8.
0638:err:d3dcompiler:D3DCompile2     C:\fakepath:33:35: E5000: syntax error, unexpected '(', expecting ';' or ','
0638:err:d3dcompiler:D3DCompile2 
08ac:fixme:d3dcompiler:D3DCompile2 Ignoring flags 0xc000.
08a8:fixme:d3dcompiler:D3DCompile2 Ignoring flags 0xc000.
vkd3d:fixme:hlsl_yylex Unsupported preprocessor #pragma directive at line 6.
08ac:err:d3dcompiler:D3DCompile2 Failed to compile shader, vkd3d result -4.
08ac:err:d3dcompiler:D3DCompile2 Shader log:
08ac:err:d3dcompiler:D3DCompile2     C:\fakepath:38:35: E5000: syntax error, unexpected '(', expecting ';' or ','
08ac:err:d3dcompiler:D3DCompile2 
08ac:fixme:d3dcompiler:D3DCompile2 Ignoring flags 0xc002.
0638:fixme:d3dcompiler:D3DCompile2 Ignoring flags 0xc002.
vkd3d:fixme:hlsl_yylex Unsupported preprocessor #pragma directive at line 6.
08ac:err:d3dcompiler:D3DCompile2 Failed to compile shader, vkd3d result -4.
08ac:err:d3dcompiler:D3DCompile2 Shader log:
08ac:err:d3dcompiler:D3DCompile2     C:\fakepath:38:35: E5000: syntax error, unexpected '(', expecting ';' or ','
0628:err:d3dcompiler:D3DCompile2 Failed to compile shader, vkd3d result -5.
08ac:err:d3dcompiler:D3DCompile2 
0628:err:d3dcompiler:D3DCompile2 Shader log:
0628:err:d3dcompiler:D3DCompile2     C:\fakepath:46:8: E5017: Aborting due to not yet implemented feature: Call to user-defined function "generateOutput".
0628:err:d3dcompiler:D3DCompile2 
08ac:fixme:d3dcompiler:D3DCompile2 Ignoring flags 0xc004.
vkd3d:fixme:hlsl_yylex Unsupported preprocessor #pragma directive at line 6.
08ac:err:d3dcompiler:D3DCompile2 Failed to compile shader, vkd3d result -4.
08ac:err:d3dcompiler:D3DCompile2 Shader log:
08ac:err:d3dcompiler:D3DCompile2     C:\fakepath:38:35: E5000: syntax error, unexpected '(', expecting ';' or ','
08ac:err:d3dcompiler:D3DCompile2 
vkd3d:fixme:hlsl_yylex Unsupported preprocessor #pragma directive at line 7.
0638:err:d3dcompiler:D3DCompile2 Failed to compile shader, vkd3d result -4.
0638:err:d3dcompiler:D3DCompile2 Shader log:
0638:err:d3dcompiler:D3DCompile2     C:\fakepath:33:35: E5000: syntax error, unexpected '(', expecting ';' or ','
0638:err:d3dcompiler:D3DCompile2 
vkd3d:fixme:hlsl_yylex Unsupported preprocessor #pragma directive at line 7.
08a8:err:d3dcompiler:D3DCompile2 Failed to compile shader, vkd3d result -5.
08a8:err:d3dcompiler:D3DCompile2 Shader log:
08a8:err:d3dcompiler:D3DCompile2     C:\fakepath:47:20: E5017: Aborting due to not yet implemented feature: Call to user-defined function "f_srcPixel".
08a8:err:d3dcompiler:D3DCompile2 
08a8:fixme:d3dcompiler:D3DCompile2 Ignoring flags 0xc002.
vkd3d:fixme:hlsl_yylex Unsupported preprocessor #pragma directive at line 7.
08a8:err:d3dcompiler:D3DCompile2 Failed to compile shader, vkd3d result -5.
08a8:err:d3dcompiler:D3DCompile2 Shader log:
08a8:err:d3dcompiler:D3DCompile2     C:\fakepath:47:20: E5017: Aborting due to not yet implemented feature: Call to user-defined function "f_srcPixel".
08a8:err:d3dcompiler:D3DCompile2 
08a8:fixme:d3dcompiler:D3DCompile2 Ignoring flags 0xc004.
0628:fixme:d3dcompiler:D3DCompile2 Ignoring flags 0xc002.
vkd3d:fixme:hlsl_yylex Unsupported preprocessor #pragma directive at line 7.
08a8:err:d3dcompiler:D3DCompile2 Failed to compile shader, vkd3d result -5.
08a8:err:d3dcompiler:D3DCompile2 Shader log:
08a8:err:d3dcompiler:D3DCompile2     C:\fakepath:47:20: E5017: Aborting due to not yet implemented feature: Call to user-defined function "f_srcPixel".
08a8:err:d3dcompiler:D3DCompile2 
vkd3d:fixme:hlsl_yylex Unsupported preprocessor #pragma directive at line 8.
0628:err:d3dcompiler:D3DCompile2 Failed to compile shader, vkd3d result -5.
0628:err:d3dcompiler:D3DCompile2 Shader log:
0628:err:d3dcompiler:D3DCompile2     C:\fakepath:46:8: E5017: Aborting due to not yet implemented feature: Call to user-defined function "generateOutput".
0628:err:d3dcompiler:D3DCompile2 
0638:fixme:d3dcompiler:D3DCompile2 Ignoring flags 0xc004.
vkd3d:fixme:hlsl_yylex Unsupported preprocessor #pragma directive at line 7.
0628:fixme:d3dcompiler:D3DCompile2 Ignoring flags 0xc004.
0638:err:d3dcompiler:D3DCompile2 Failed to compile shader, vkd3d result -4.
0638:err:d3dcompiler:D3DCompile2 Shader log:
0638:err:d3dcompiler:D3DCompile2     C:\fakepath:33:35: E5000: syntax error, unexpected '(', expecting ';' or ','
0638:err:d3dcompiler:D3DCompile2 
vkd3d:fixme:hlsl_yylex Unsupported preprocessor #pragma directive at line 8.
0628:err:d3dcompiler:D3DCompile2 Failed to compile shader, vkd3d result -5.
0628:err:d3dcompiler:D3DCompile2 Shader log:
0628:err:d3dcompiler:D3DCompile2     C:\fakepath:46:8: E5017: Aborting due to not yet implemented feature: Call to user-defined function "generateOutput".
0628:err:d3dcompiler:D3DCompile2 
0714:fixme:winsock:setsockopt Ignoring SO_RANDOMIZE_PORT
08a8:fixme:d3dcompiler:D3DCompile2 Ignoring flags 0xc000.
08a4:fixme:d3dcompiler:D3DCompile2 Ignoring flags 0xc000.
0638:fixme:d3dcompiler:D3DCompile2 Ignoring flags 0xc000.
vkd3d:fixme:hlsl_yylex Unsupported preprocessor #pragma directive at line 7.
vkd3d:fixme:hlsl_yylex Unsupported preprocessor #pragma directive at line 8.
vkd3d:fixme:hlsl_yylex Unsupported preprocessor #pragma directive at line 7.
0638:err:d3dcompiler:D3DCompile2 Failed to compile shader, vkd3d result -4.
0638:err:d3dcompiler:D3DCompile2 Shader log:
0638:err:d3dcompiler:D3DCompile2     C:\fakepath:33:35: E5000: syntax error, unexpected '(', expecting ';' or ','
0638:err:d3dcompiler:D3DCompile2 
0638:fixme:d3dcompiler:D3DCompile2 Ignoring flags 0xc002.
vkd3d:fixme:hlsl_yylex Unsupported preprocessor #pragma directive at line 7.
0628:fixme:d3dcompiler:D3DCompile2 Ignoring flags 0xc000.
0638:err:d3dcompiler:D3DCompile2 Failed to compile shader, vkd3d result -4.
0638:err:d3dcompiler:D3DCompile2 Shader log:
0638:err:d3dcompiler:D3DCompile2     C:\fakepath:33:35: E5000: syntax error, unexpected '(', expecting ';' or ','
0638:err:d3dcompiler:D3DCompile2 
vkd3d:fixme:hlsl_yylex Unsupported preprocessor #pragma directive at line 8.
0628:err:d3dcompiler:D3DCompile2 Failed to compile shader, vkd3d result -5.
0628:err:d3dcompiler:D3DCompile2 Shader log:
0628:err:d3dcompiler:D3DCompile2     C:\fakepath:46:8: E5017: Aborting due to not yet implemented feature: Call to user-defined function "generateOutput".
0628:err:d3dcompiler:D3DCompile2 
0638:fixme:d3dcompiler:D3DCompile2 Ignoring flags 0xc004.
vkd3d:fixme:hlsl_yylex Unsupported preprocessor #pragma directive at line 7.
0638:err:d3dcompiler:D3DCompile2 Failed to compile shader, vkd3d result -4.
0638:err:d3dcompiler:D3DCompile2 Shader log:
0638:err:d3dcompiler:D3DCompile2     C:\fakepath:33:35: E5000: syntax error, unexpected '(', expecting ';' or ','
0638:err:d3dcompiler:D3DCompile2 
0628:fixme:d3dcompiler:D3DCompile2 Ignoring flags 0xc002.
vkd3d:fixme:hlsl_yylex Unsupported preprocessor #pragma directive at line 8.
0628:err:d3dcompiler:D3DCompile2 Failed to compile shader, vkd3d result -5.
0628:err:d3dcompiler:D3DCompile2 Shader log:
0628:err:d3dcompiler:D3DCompile2     C:\fakepath:46:8: E5017: Aborting due to not yet implemented feature: Call to user-defined function "generateOutput".
0628:err:d3dcompiler:D3DCompile2 
08a4:err:d3dcompiler:D3DCompile2 Failed to compile shader, vkd3d result -4.
08a4:err:d3dcompiler:D3DCompile2 Shader log:
08a4:err:d3dcompiler:D3DCompile2     C:\fakepath:39:52: E5000: syntax error, unexpected '(', expecting ';' or ','
08a4:err:d3dcompiler:D3DCompile2 
08a4:fixme:d3dcompiler:D3DCompile2 Ignoring flags 0xc002.
08a8:err:d3dcompiler:D3DCompile2 Failed to compile shader, vkd3d result -4.
08a8:err:d3dcompiler:D3DCompile2 Shader log:
08a8:err:d3dcompiler:D3DCompile2     C:\fakepath:41:35: E5000: syntax error, unexpected '(', expecting ';' or ','
08a8:err:d3dcompiler:D3DCompile2 
08a8:fixme:d3dcompiler:D3DCompile2 Ignoring flags 0xc002.
vkd3d:fixme:hlsl_yylex Unsupported preprocessor #pragma directive at line 7.
08a8:err:d3dcompiler:D3DCompile2 Failed to compile shader, vkd3d result -4.
08a8:err:d3dcompiler:D3DCompile2 Shader log:
08a8:err:d3dcompiler:D3DCompile2     C:\fakepath:41:35: E5000: syntax error, unexpected '(', expecting ';' or ','
08a8:err:d3dcompiler:D3DCompile2 
08a8:fixme:d3dcompiler:D3DCompile2 Ignoring flags 0xc004.
vkd3d:fixme:hlsl_yylex Unsupported preprocessor #pragma directive at line 7.
08a8:err:d3dcompiler:D3DCompile2 Failed to compile shader, vkd3d result -4.
08a8:err:d3dcompiler:D3DCompile2 Shader log:
08a8:err:d3dcompiler:D3DCompile2     C:\fakepath:41:35: E5000: syntax error, unexpected '(', expecting ';' or ','
08a8:err:d3dcompiler:D3DCompile2 
vkd3d:fixme:hlsl_yylex Unsupported preprocessor #pragma directive at line 8.
08a4:err:d3dcompiler:D3DCompile2 Failed to compile shader, vkd3d result -4.
08a4:err:d3dcompiler:D3DCompile2 Shader log:
08a4:err:d3dcompiler:D3DCompile2     C:\fakepath:39:52: E5000: syntax error, unexpected '(', expecting ';' or ','
08a4:err:d3dcompiler:D3DCompile2 
08a4:fixme:d3dcompiler:D3DCompile2 Ignoring flags 0xc004.
vkd3d:fixme:hlsl_yylex Unsupported preprocessor #pragma directive at line 8.
0628:fixme:d3dcompiler:D3DCompile2 Ignoring flags 0xc004.
vkd3d:fixme:hlsl_yylex Unsupported preprocessor #pragma directive at line 8.
0628:err:d3dcompiler:D3DCompile2 Failed to compile shader, vkd3d result -5.
0628:err:d3dcompiler:D3DCompile2 Shader log:
0628:err:d3dcompiler:D3DCompile2     C:\fakepath:46:8: E5017: Aborting due to not yet implemented feature: Call to user-defined function "generateOutput".
0628:err:d3dcompiler:D3DCompile2 
08a4:err:d3dcompiler:D3DCompile2 Failed to compile shader, vkd3d result -4.
08a4:err:d3dcompiler:D3DCompile2 Shader log:
08a4:err:d3dcompiler:D3DCompile2     C:\fakepath:39:52: E5000: syntax error, unexpected '(', expecting ';' or ','
08a4:err:d3dcompiler:D3DCompile2 
08a8:fixme:d3dcompiler:D3DCompile2 Ignoring flags 0xc000.
08a4:fixme:d3dcompiler:D3DCompile2 Ignoring flags 0xc000.
vkd3d:fixme:hlsl_yylex Unsupported preprocessor #pragma directive at line 8.
08a4:err:d3dcompiler:D3DCompile2 Failed to compile shader, vkd3d result -5.
08a4:err:d3dcompiler:D3DCompile2 Shader log:
08a4:err:d3dcompiler:D3DCompile2     C:\fakepath:46:8: E5017: Aborting due to not yet implemented feature: Call to user-defined function "generateOutput".
08a4:err:d3dcompiler:D3DCompile2 
08a4:fixme:d3dcompiler:D3DCompile2 Ignoring flags 0xc002.
vkd3d:fixme:hlsl_yylex Unsupported preprocessor #pragma directive at line 8.
vkd3d:fixme:hlsl_yylex Unsupported preprocessor #pragma directive at line 7.
08a8:err:d3dcompiler:D3DCompile2 Failed to compile shader, vkd3d result -4.
08a8:err:d3dcompiler:D3DCompile2 Shader log:
08a8:err:d3dcompiler:D3DCompile2     C:\fakepath:32:35: E5000: syntax error, unexpected '(', expecting ';' or ','
08a8:err:d3dcompiler:D3DCompile2 
08a8:fixme:d3dcompiler:D3DCompile2 Ignoring flags 0xc002.
vkd3d:fixme:hlsl_yylex Unsupported preprocessor #pragma directive at line 7.
08a8:err:d3dcompiler:D3DCompile2 Failed to compile shader, vkd3d result -4.
08a8:err:d3dcompiler:D3DCompile2 Shader log:
08a8:err:d3dcompiler:D3DCompile2     C:\fakepath:32:35: E5000: syntax error, unexpected '(', expecting ';' or ','
08a8:err:d3dcompiler:D3DCompile2 
08a8:fixme:d3dcompiler:D3DCompile2 Ignoring flags 0xc004.
08a4:err:d3dcompiler:D3DCompile2 Failed to compile shader, vkd3d result -5.
08a4:err:d3dcompiler:D3DCompile2 Shader log:
08a4:err:d3dcompiler:D3DCompile2     C:\fakepath:46:8: E5017: Aborting due to not yet implemented feature: Call to user-defined function "generateOutput".
08a4:err:d3dcompiler:D3DCompile2 
08a4:fixme:d3dcompiler:D3DCompile2 Ignoring flags 0xc004.
0628:fixme:d3dcompiler:D3DCompile2 Ignoring flags 0xc000.
vkd3d:fixme:hlsl_yylex Unsupported preprocessor #pragma directive at line 8.
08a4:err:d3dcompiler:D3DCompile2 Failed to compile shader, vkd3d result -5.
08a4:err:d3dcompiler:D3DCompile2 Shader log:
08a4:err:d3dcompiler:D3DCompile2     C:\fakepath:46:8: E5017: Aborting due to not yet implemented feature: Call to user-defined function "generateOutput".
08a4:err:d3dcompiler:D3DCompile2 
vkd3d:fixme:hlsl_yylex Unsupported preprocessor #pragma directive at line 7.
vkd3d:fixme:hlsl_yylex Unsupported preprocessor #pragma directive at line 8.
08a8:err:d3dcompiler:D3DCompile2 Failed to compile shader, vkd3d result -4.
08a8:err:d3dcompiler:D3DCompile2 Shader log:
08a8:err:d3dcompiler:D3DCompile2     C:\fakepath:32:35: E5000: syntax error, unexpected '(', expecting ';' or ','
08a8:err:d3dcompiler:D3DCompile2 
0628:err:d3dcompiler:D3DCompile2 Failed to compile shader, vkd3d result -4.
0628:err:d3dcompiler:D3DCompile2 Shader log:
0628:err:d3dcompiler:D3DCompile2     C:\fakepath:53:35: E5000: syntax error, unexpected '(', expecting ';' or ','
0628:err:d3dcompiler:D3DCompile2 
08ac:fixme:d3dcompiler:D3DCompile2 Ignoring flags 0xc000.
0638:fixme:d3dcompiler:D3DCompile2 Ignoring flags 0xc000.
vkd3d:fixme:hlsl_yylex Unsupported preprocessor #pragma directive at line 7.
vkd3d:fixme:hlsl_yylex Unsupported preprocessor #pragma directive at line 9.
0638:err:d3dcompiler:D3DCompile2 Failed to compile shader, vkd3d result -4.
0638:err:d3dcompiler:D3DCompile2 Shader log:
0638:err:d3dcompiler:D3DCompile2     C:\fakepath:61:22: E5005: Function "fwidth" is not defined.
0638:err:d3dcompiler:D3DCompile2 
08ac:err:d3dcompiler:D3DCompile2 Failed to compile shader, vkd3d result -4.
08ac:err:d3dcompiler:D3DCompile2 Shader log:
08ac:err:d3dcompiler:D3DCompile2     C:\fakepath:32:35: E5000: syntax error, unexpected '(', expecting ';' or ','
08ac:err:d3dcompiler:D3DCompile2 
08ac:fixme:d3dcompiler:D3DCompile2 Ignoring flags 0xc002.
08a0:fixme:d3dcompiler:D3DCompile2 Ignoring flags 0xc000.
vkd3d:fixme:hlsl_yylex Unsupported preprocessor #pragma directive at line 8.
08a0:err:d3dcompiler:D3DCompile2 Failed to compile shader, vkd3d result -5.
08a0:err:d3dcompiler:D3DCompile2 Shader log:
08a0:err:d3dcompiler:D3DCompile2     C:\fakepath:46:8: E5017: Aborting due to not yet implemented feature: Call to user-defined function "generateOutput".
08a0:err:d3dcompiler:D3DCompile2 
08a0:fixme:d3dcompiler:D3DCompile2 Ignoring flags 0xc002.
0628:fixme:d3dcompiler:D3DCompile2 Ignoring flags 0xc002.
vkd3d:fixme:hlsl_yylex Unsupported preprocessor #pragma directive at line 8.
08a0:err:d3dcompiler:D3DCompile2 Failed to compile shader, vkd3d result -5.
08a0:err:d3dcompiler:D3DCompile2 Shader log:
08a0:err:d3dcompiler:D3DCompile2     C:\fakepath:46:8: E5017: Aborting due to not yet implemented feature: Call to user-defined function "generateOutput".
08a0:err:d3dcompiler:D3DCompile2 
08a0:fixme:d3dcompiler:D3DCompile2 Ignoring flags 0xc004.
0714:fixme:winsock:setsockopt Ignoring SO_RANDOMIZE_PORT
vkd3d:fixme:hlsl_yylex Unsupported preprocessor #pragma directive at line 8.
08a0:err:d3dcompiler:D3DCompile2 Failed to compile shader, vkd3d result -5.
08a0:err:d3dcompiler:D3DCompile2 Shader log:
08a0:err:d3dcompiler:D3DCompile2     C:\fakepath:46:8: E5017: Aborting due to not yet implemented feature: Call to user-defined function "generateOutput".
08a0:err:d3dcompiler:D3DCompile2 
vkd3d:fixme:hlsl_yylex Unsupported preprocessor #pragma directive at line 7.
08ac:err:d3dcompiler:D3DCompile2 Failed to compile shader, vkd3d result -4.
08ac:err:d3dcompiler:D3DCompile2 Shader log:
08ac:err:d3dcompiler:D3DCompile2     C:\fakepath:32:35: E5000: syntax error, unexpected '(', expecting ';' or ','
08ac:err:d3dcompiler:D3DCompile2 
08ac:fixme:d3dcompiler:D3DCompile2 Ignoring flags 0xc004.
vkd3d:fixme:hlsl_yylex Unsupported preprocessor #pragma directive at line 8.
vkd3d:fixme:hlsl_yylex Unsupported preprocessor #pragma directive at line 7.
0628:err:d3dcompiler:D3DCompile2 Failed to compile shader, vkd3d result -4.
0628:err:d3dcompiler:D3DCompile2 Shader log:
0628:err:d3dcompiler:D3DCompile2     C:\fakepath:53:35: E5000: syntax error, unexpected '(', expecting ';' or ','
0628:err:d3dcompiler:D3DCompile2 
08ac:err:d3dcompiler:D3DCompile2 Failed to compile shader, vkd3d result -4.
08ac:err:d3dcompiler:D3DCompile2 Shader log:
08ac:err:d3dcompiler:D3DCompile2     C:\fakepath:32:35: E5000: syntax error, unexpected '(', expecting ';' or ','
08ac:err:d3dcompiler:D3DCompile2 
0638:fixme:d3dcompiler:D3DCompile2 Ignoring flags 0xc002.
vkd3d:fixme:hlsl_yylex Unsupported preprocessor #pragma directive at line 9.
0638:err:d3dcompiler:D3DCompile2 Failed to compile shader, vkd3d result -4.
0638:err:d3dcompiler:D3DCompile2 Shader log:
0638:err:d3dcompiler:D3DCompile2     C:\fakepath:61:22: E5005: Function "fwidth" is not defined.
0638:err:d3dcompiler:D3DCompile2 
0638:fixme:d3dcompiler:D3DCompile2 Ignoring flags 0xc004.
vkd3d:fixme:hlsl_yylex Unsupported preprocessor #pragma directive at line 9.
0638:err:d3dcompiler:D3DCompile2 Failed to compile shader, vkd3d result -4.
0638:err:d3dcompiler:D3DCompile2 Shader log:
0638:err:d3dcompiler:D3DCompile2     C:\fakepath:61:22: E5005: Function "fwidth" is not defined.
0638:err:d3dcompiler:D3DCompile2 
0628:fixme:d3dcompiler:D3DCompile2 Ignoring flags 0xc004.
08a8:fixme:d3dcompiler:D3DCompile2 Ignoring flags 0xc000.
vkd3d:fixme:hlsl_yylex Unsupported preprocessor #pragma directive at line 8.
08ac:fixme:d3dcompiler:D3DCompile2 Ignoring flags 0xc000.
0628:err:d3dcompiler:D3DCompile2 Failed to compile shader, vkd3d result -4.
0628:err:d3dcompiler:D3DCompile2 Shader log:
0628:err:d3dcompiler:D3DCompile2     C:\fakepath:53:35: E5000: syntax error, unexpected '(', expecting ';' or ','
0628:err:d3dcompiler:D3DCompile2 
vkd3d:fixme:hlsl_yylex Unsupported preprocessor #pragma directive at line 11.
vkd3d:fixme:hlsl_yylex Unsupported preprocessor #pragma directive at line 12.
08ac:err:d3dcompiler:D3DCompile2 Failed to compile shader, vkd3d result -4.
08ac:err:d3dcompiler:D3DCompile2 Shader log:
08ac:err:d3dcompiler:D3DCompile2     C:\fakepath:58:52: E5000: syntax error, unexpected '(', expecting ';' or ','
08ac:err:d3dcompiler:D3DCompile2 
08ac:fixme:d3dcompiler:D3DCompile2 Ignoring flags 0xc002.
vkd3d:fixme:hlsl_yylex Unsupported preprocessor #pragma directive at line 12.
08ac:err:d3dcompiler:D3DCompile2 Failed to compile shader, vkd3d result -4.
08ac:err:d3dcompiler:D3DCompile2 Shader log:
08ac:err:d3dcompiler:D3DCompile2     C:\fakepath:58:52: E5000: syntax error, unexpected '(', expecting ';' or ','
08ac:err:d3dcompiler:D3DCompile2 
08ac:fixme:d3dcompiler:D3DCompile2 Ignoring flags 0xc004.
08a8:err:d3dcompiler:D3DCompile2 Failed to compile shader, vkd3d result -4.
08a8:err:d3dcompiler:D3DCompile2 Shader log:
08a8:err:d3dcompiler:D3DCompile2     C:\fakepath:46:35: E5000: syntax error, unexpected '(', expecting ';' or ','
08a8:err:d3dcompiler:D3DCompile2 
08a8:fixme:d3dcompiler:D3DCompile2 Ignoring flags 0xc002.
vkd3d:fixme:hlsl_yylex Unsupported preprocessor #pragma directive at line 11.
08a8:err:d3dcompiler:D3DCompile2 Failed to compile shader, vkd3d result -4.
08a8:err:d3dcompiler:D3DCompile2 Shader log:
08a8:err:d3dcompiler:D3DCompile2     C:\fakepath:46:35: E5000: syntax error, unexpected '(', expecting ';' or ','
08a8:err:d3dcompiler:D3DCompile2 
08a8:fixme:d3dcompiler:D3DCompile2 Ignoring flags 0xc004.
vkd3d:fixme:hlsl_yylex Unsupported preprocessor #pragma directive at line 12.
08ac:err:d3dcompiler:D3DCompile2 Failed to compile shader, vkd3d result -4.
08ac:err:d3dcompiler:D3DCompile2 Shader log:
08ac:err:d3dcompiler:D3DCompile2     C:\fakepath:58:52: E5000: syntax error, unexpected '(', expecting ';' or ','
08ac:err:d3dcompiler:D3DCompile2 
vkd3d:fixme:hlsl_yylex Unsupported preprocessor #pragma directive at line 11.
08a8:err:d3dcompiler:D3DCompile2 Failed to compile shader, vkd3d result -4.
08a8:err:d3dcompiler:D3DCompile2 Shader log:
08a8:err:d3dcompiler:D3DCompile2     C:\fakepath:46:35: E5000: syntax error, unexpected '(', expecting ';' or ','
08a8:err:d3dcompiler:D3DCompile2 
08ac:fixme:d3dcompiler:D3DCompile2 Ignoring flags 0xc000.
vkd3d:fixme:hlsl_yylex Unsupported preprocessor #pragma directive at line 11.
08ac:err:d3dcompiler:D3DCompile2 Failed to compile shader, vkd3d result -4.
08ac:err:d3dcompiler:D3DCompile2 Shader log:
08ac:err:d3dcompiler:D3DCompile2     C:\fakepath:46:35: E5000: syntax error, unexpected '(', expecting ';' or ','
08ac:err:d3dcompiler:D3DCompile2 
08ac:fixme:d3dcompiler:D3DCompile2 Ignoring flags 0xc002.
08a4:fixme:d3dcompiler:D3DCompile2 Ignoring flags 0xc000.
vkd3d:fixme:hlsl_yylex Unsupported preprocessor #pragma directive at line 12.
08a4:err:d3dcompiler:D3DCompile2 Failed to compile shader, vkd3d result -4.
08a4:err:d3dcompiler:D3DCompile2 Shader log:
08a4:err:d3dcompiler:D3DCompile2     C:\fakepath:58:52: E5000: syntax error, unexpected '(', expecting ';' or ','
08a4:err:d3dcompiler:D3DCompile2 
08a4:fixme:d3dcompiler:D3DCompile2 Ignoring flags 0xc002.
0634:fixme:d3dcompiler:D3DCompile2 Ignoring flags 0xc000.
vkd3d:fixme:hlsl_yylex Unsupported preprocessor #pragma directive at line 12.
08a4:err:d3dcompiler:D3DCompile2 Failed to compile shader, vkd3d result -4.
08a4:err:d3dcompiler:D3DCompile2 Shader log:
08a4:err:d3dcompiler:D3DCompile2     C:\fakepath:58:52: E5000: syntax error, unexpected '(', expecting ';' or ','
08a4:err:d3dcompiler:D3DCompile2 
08a4:fixme:d3dcompiler:D3DCompile2 Ignoring flags 0xc004.
vkd3d:fixme:hlsl_yylex Unsupported preprocessor #pragma directive at line 7.
0634:err:d3dcompiler:D3DCompile2 Failed to compile shader, vkd3d result -4.
0634:err:d3dcompiler:D3DCompile2 Shader log:
0634:err:d3dcompiler:D3DCompile2     C:\fakepath:33:35: E5000: syntax error, unexpected '(', expecting ';' or ','
0634:err:d3dcompiler:D3DCompile2 
0630:fixme:d3dcompiler:D3DCompile2 Ignoring flags 0xc000.
vkd3d:fixme:hlsl_yylex Unsupported preprocessor #pragma directive at line 8.
vkd3d:fixme:hlsl_yylex Unsupported preprocessor #pragma directive at line 11.
0630:err:d3dcompiler:D3DCompile2 Failed to compile shader, vkd3d result -5.
0630:err:d3dcompiler:D3DCompile2 Shader log:
0630:err:d3dcompiler:D3DCompile2     C:\fakepath:46:8: E5017: Aborting due to not yet implemented feature: Call to user-defined function "generateOutput".
0630:err:d3dcompiler:D3DCompile2 
08ac:err:d3dcompiler:D3DCompile2 Failed to compile shader, vkd3d result -4.
08ac:err:d3dcompiler:D3DCompile2 Shader log:
08ac:err:d3dcompiler:D3DCompile2     C:\fakepath:46:35: E5000: syntax error, unexpected '(', expecting ';' or ','
08ac:err:d3dcompiler:D3DCompile2 
08ac:fixme:d3dcompiler:D3DCompile2 Ignoring flags 0xc004.
0450:fixme:netprofm:list_manager_GetConnectivity 00000000105A75A0, 000000001561F8EC
vkd3d:fixme:hlsl_yylex Unsupported preprocessor #pragma directive at line 12.
08a4:err:d3dcompiler:D3DCompile2 Failed to compile shader, vkd3d result -4.
08a4:err:d3dcompiler:D3DCompile2 Shader log:
08a4:err:d3dcompiler:D3DCompile2     C:\fakepath:58:52: E5000: syntax error, unexpected '(', expecting ';' or ','
08a4:err:d3dcompiler:D3DCompile2 
vkd3d:fixme:hlsl_yylex Unsupported preprocessor #pragma directive at line 11.
08ac:err:d3dcompiler:D3DCompile2 Failed to compile shader, vkd3d result -4.
08ac:err:d3dcompiler:D3DCompile2 Shader log:
08ac:err:d3dcompiler:D3DCompile2     C:\fakepath:46:35: E5000: syntax error, unexpected '(', expecting ';' or ','
08ac:err:d3dcompiler:D3DCompile2 
0634:fixme:d3dcompiler:D3DCompile2 Ignoring flags 0xc002.
vkd3d:fixme:hlsl_yylex Unsupported preprocessor #pragma directive at line 7.
0634:err:d3dcompiler:D3DCompile2 Failed to compile shader, vkd3d result -4.
0634:err:d3dcompiler:D3DCompile2 Shader log:
0634:err:d3dcompiler:D3DCompile2     C:\fakepath:33:35: E5000: syntax error, unexpected '(', expecting ';' or ','
0634:err:d3dcompiler:D3DCompile2 
08a0:fixme:d3dcompiler:D3DCompile2 Ignoring flags 0xc000.
08a8:fixme:d3dcompiler:D3DCompile2 Ignoring flags 0xc000.
vkd3d:fixme:hlsl_yylex Unsupported preprocessor #pragma directive at line 7.
08a0:err:d3dcompiler:D3DCompile2 Failed to compile shader, vkd3d result -4.
08a0:err:d3dcompiler:D3DCompile2 Shader log:
08a0:err:d3dcompiler:D3DCompile2     C:\fakepath:31:35: E5000: syntax error, unexpected '(', expecting ';' or ','
08a0:err:d3dcompiler:D3DCompile2 
08a0:fixme:d3dcompiler:D3DCompile2 Ignoring flags 0xc002.
vkd3d:fixme:hlsl_yylex Unsupported preprocessor #pragma directive at line 8.
08a8:err:d3dcompiler:D3DCompile2 Failed to compile shader, vkd3d result -4.
08a8:err:d3dcompiler:D3DCompile2 Shader log:
08a8:err:d3dcompiler:D3DCompile2     C:\fakepath:40:52: E5000: syntax error, unexpected '(', expecting ';' or ','
08a8:err:d3dcompiler:D3DCompile2 
08a8:fixme:d3dcompiler:D3DCompile2 Ignoring flags 0xc002.
vkd3d:fixme:hlsl_yylex Unsupported preprocessor #pragma directive at line 8.
0634:fixme:d3dcompiler:D3DCompile2 Ignoring flags 0xc004.
08a8:err:d3dcompiler:D3DCompile2 Failed to compile shader, vkd3d result -4.
08a8:err:d3dcompiler:D3DCompile2 Shader log:
08a8:err:d3dcompiler:D3DCompile2     C:\fakepath:40:52: E5000: syntax error, unexpected '(', expecting ';' or ','
08a8:err:d3dcompiler:D3DCompile2 
08a8:fixme:d3dcompiler:D3DCompile2 Ignoring flags 0xc004.
vkd3d:fixme:hlsl_yylex Unsupported preprocessor #pragma directive at line 7.
0634:err:d3dcompiler:D3DCompile2 Failed to compile shader, vkd3d result -4.
0634:err:d3dcompiler:D3DCompile2 Shader log:
0634:err:d3dcompiler:D3DCompile2     C:\fakepath:33:35: E5000: syntax error, unexpected '(', expecting ';' or ','
0634:err:d3dcompiler:D3DCompile2 
vkd3d:fixme:hlsl_yylex Unsupported preprocessor #pragma directive at line 7.
08a0:err:d3dcompiler:D3DCompile2 Failed to compile shader, vkd3d result -4.
08a0:err:d3dcompiler:D3DCompile2 Shader log:
08a0:err:d3dcompiler:D3DCompile2     C:\fakepath:31:35: E5000: syntax error, unexpected '(', expecting ';' or ','
08a0:err:d3dcompiler:D3DCompile2 
08a0:fixme:d3dcompiler:D3DCompile2 Ignoring flags 0xc004.
vkd3d:fixme:hlsl_yylex Unsupported preprocessor #pragma directive at line 8.
08a8:err:d3dcompiler:D3DCompile2 Failed to compile shader, vkd3d result -4.
08a8:err:d3dcompiler:D3DCompile2 Shader log:
08a8:err:d3dcompiler:D3DCompile2     C:\fakepath:40:52: E5000: syntax error, unexpected '(', expecting ';' or ','
08a8:err:d3dcompiler:D3DCompile2 
vkd3d:fixme:hlsl_yylex Unsupported preprocessor #pragma directive at line 7.
08a0:err:d3dcompiler:D3DCompile2 Failed to compile shader, vkd3d result -4.
08a0:err:d3dcompiler:D3DCompile2 Shader log:
08a0:err:d3dcompiler:D3DCompile2     C:\fakepath:31:35: E5000: syntax error, unexpected '(', expecting ';' or ','
08a0:err:d3dcompiler:D3DCompile2 
0630:fixme:d3dcompiler:D3DCompile2 Ignoring flags 0xc002.
08ac:fixme:d3dcompiler:D3DCompile2 Ignoring flags 0xc000.
vkd3d:fixme:hlsl_yylex Unsupported preprocessor #pragma directive at line 8.
vkd3d:fixme:hlsl_yylex Unsupported preprocessor #pragma directive at line 7.
0630:err:d3dcompiler:D3DCompile2 Failed to compile shader, vkd3d result -5.
0630:err:d3dcompiler:D3DCompile2 Shader log:
0630:err:d3dcompiler:D3DCompile2     C:\fakepath:46:8: E5017: Aborting due to not yet implemented feature: Call to user-defined function "generateOutput".
0630:err:d3dcompiler:D3DCompile2 
08ac:err:d3dcompiler:D3DCompile2 Failed to compile shader, vkd3d result -4.
08ac:err:d3dcompiler:D3DCompile2 Shader log:
08ac:err:d3dcompiler:D3DCompile2     C:\fakepath:31:35: E5000: syntax error, unexpected '(', expecting ';' or ','
08ac:err:d3dcompiler:D3DCompile2 
08ac:fixme:d3dcompiler:D3DCompile2 Ignoring flags 0xc002.
08a4:fixme:d3dcompiler:D3DCompile2 Ignoring flags 0xc000.
vkd3d:fixme:hlsl_yylex Unsupported preprocessor #pragma directive at line 7.
0630:fixme:d3dcompiler:D3DCompile2 Ignoring flags 0xc004.
08ac:err:d3dcompiler:D3DCompile2 Failed to compile shader, vkd3d result -4.
08ac:err:d3dcompiler:D3DCompile2 Shader log:
08ac:err:d3dcompiler:D3DCompile2     C:\fakepath:31:35: E5000: syntax error, unexpected '(', expecting ';' or ','
08ac:err:d3dcompiler:D3DCompile2 
08ac:fixme:d3dcompiler:D3DCompile2 Ignoring flags 0xc004.
vkd3d:fixme:hlsl_yylex Unsupported preprocessor #pragma directive at line 8.
vkd3d:fixme:hlsl_yylex Unsupported preprocessor #pragma directive at line 7.
0630:err:d3dcompiler:D3DCompile2 Failed to compile shader, vkd3d result -5.
0630:err:d3dcompiler:D3DCompile2 Shader log:
0630:err:d3dcompiler:D3DCompile2     C:\fakepath:46:8: E5017: Aborting due to not yet implemented feature: Call to user-defined function "generateOutput".
0630:err:d3dcompiler:D3DCompile2 
08ac:err:d3dcompiler:D3DCompile2 Failed to compile shader, vkd3d result -4.
08ac:err:d3dcompiler:D3DCompile2 Shader log:
08ac:err:d3dcompiler:D3DCompile2     C:\fakepath:31:35: E5000: syntax error, unexpected '(', expecting ';' or ','
08ac:err:d3dcompiler:D3DCompile2 
vkd3d:fixme:hlsl_yylex Unsupported preprocessor #pragma directive at line 8.
08a4:err:d3dcompiler:D3DCompile2 Failed to compile shader, vkd3d result -4.
08a4:err:d3dcompiler:D3DCompile2 Shader log:
08a4:err:d3dcompiler:D3DCompile2     C:\fakepath:40:52: E5000: syntax error, unexpected '(', expecting ';' or ','
08a4:err:d3dcompiler:D3DCompile2 
08a4:fixme:d3dcompiler:D3DCompile2 Ignoring flags 0xc002.
vkd3d:fixme:hlsl_yylex Unsupported preprocessor #pragma directive at line 8.
08a4:err:d3dcompiler:D3DCompile2 Failed to compile shader, vkd3d result -4.
08a4:err:d3dcompiler:D3DCompile2 Shader log:
08a4:err:d3dcompiler:D3DCompile2     C:\fakepath:40:52: E5000: syntax error, unexpected '(', expecting ';' or ','
08a4:err:d3dcompiler:D3DCompile2 
08a4:fixme:d3dcompiler:D3DCompile2 Ignoring flags 0xc004.
vkd3d:fixme:hlsl_yylex Unsupported preprocessor #pragma directive at line 8.
08a4:err:d3dcompiler:D3DCompile2 Failed to compile shader, vkd3d result -4.
08a4:err:d3dcompiler:D3DCompile2 Shader log:
08a4:err:d3dcompiler:D3DCompile2     C:\fakepath:40:52: E5000: syntax error, unexpected '(', expecting ';' or ','
08a4:err:d3dcompiler:D3DCompile2 
08ac:fixme:d3dcompiler:D3DCompile2 Ignoring flags 0xc000.
vkd3d:fixme:hlsl_yylex Unsupported preprocessor #pragma directive at line 7.
08ac:err:d3dcompiler:D3DCompile2 Failed to compile shader, vkd3d result -4.
08ac:err:d3dcompiler:D3DCompile2 Shader log:
08ac:err:d3dcompiler:D3DCompile2     C:\fakepath:31:35: E5000: syntax error, unexpected '(', expecting ';' or ','
08ac:err:d3dcompiler:D3DCompile2 
08ac:fixme:d3dcompiler:D3DCompile2 Ignoring flags 0xc002.
0630:fixme:d3dcompiler:D3DCompile2 Ignoring flags 0xc000.
vkd3d:fixme:hlsl_yylex Unsupported preprocessor #pragma directive at line 7.
08ac:err:d3dcompiler:D3DCompile2 Failed to compile shader, vkd3d result -4.
08ac:err:d3dcompiler:D3DCompile2 Shader log:
08ac:err:d3dcompiler:D3DCompile2     C:\fakepath:31:35: E5000: syntax error, unexpected '(', expecting ';' or ','
08ac:err:d3dcompiler:D3DCompile2 
08ac:fixme:d3dcompiler:D3DCompile2 Ignoring flags 0xc004.
vkd3d:fixme:hlsl_yylex Unsupported preprocessor #pragma directive at line 8.
vkd3d:fixme:hlsl_yylex Unsupported preprocessor #pragma directive at line 7.
08ac:err:d3dcompiler:D3DCompile2 Failed to compile shader, vkd3d result -4.
08ac:err:d3dcompiler:D3DCompile2 Shader log:
08ac:err:d3dcompiler:D3DCompile2     C:\fakepath:31:35: E5000: syntax error, unexpected '(', expecting ';' or ','
08ac:err:d3dcompiler:D3DCompile2 
08ac:fixme:d3dcompiler:D3DCompile2 Ignoring flags 0xc000.
0630:err:d3dcompiler:D3DCompile2 Failed to compile shader, vkd3d result -4.
0630:err:d3dcompiler:D3DCompile2 Shader log:
0630:err:d3dcompiler:D3DCompile2     C:\fakepath:50:35: E5000: syntax error, unexpected '(', expecting ';' or ','
0630:err:d3dcompiler:D3DCompile2 
vkd3d:fixme:hlsl_yylex Unsupported preprocessor #pragma directive at line 8.
08ac:err:d3dcompiler:D3DCompile2 Failed to compile shader, vkd3d result -4.
08ac:err:d3dcompiler:D3DCompile2 Shader log:
08ac:err:d3dcompiler:D3DCompile2     C:\fakepath:39:52: E5000: syntax error, unexpected '(', expecting ';' or ','
08ac:err:d3dcompiler:D3DCompile2 
08ac:fixme:d3dcompiler:D3DCompile2 Ignoring flags 0xc002.
0630:fixme:d3dcompiler:D3DCompile2 Ignoring flags 0xc002.
vkd3d:fixme:hlsl_yylex Unsupported preprocessor #pragma directive at line 8.
08ac:err:d3dcompiler:D3DCompile2 Failed to compile shader, vkd3d result -4.
08ac:err:d3dcompiler:D3DCompile2 Shader log:
08ac:err:d3dcompiler:D3DCompile2     C:\fakepath:39:52: E5000: syntax error, unexpected '(', expecting ';' or ','
08ac:err:d3dcompiler:D3DCompile2 
08ac:fixme:d3dcompiler:D3DCompile2 Ignoring flags 0xc004.
vkd3d:fixme:hlsl_yylex Unsupported preprocessor #pragma directive at line 8.
08ac:err:d3dcompiler:D3DCompile2 Failed to compile shader, vkd3d result -4.
08ac:err:d3dcompiler:D3DCompile2 Shader log:
08ac:err:d3dcompiler:D3DCompile2     C:\fakepath:39:52: E5000: syntax error, unexpected '(', expecting ';' or ','
08ac:err:d3dcompiler:D3DCompile2 
0634:fixme:d3dcompiler:D3DCompile2 Ignoring flags 0xc000.
vkd3d:fixme:hlsl_yylex Unsupported preprocessor #pragma directive at line 8.
0630:err:d3dcompiler:D3DCompile2 Failed to compile shader, vkd3d result -4.
0630:err:d3dcompiler:D3DCompile2 Shader log:
0630:err:d3dcompiler:D3DCompile2     C:\fakepath:50:35: E5000: syntax error, unexpected '(', expecting ';' or ','
0630:err:d3dcompiler:D3DCompile2 
vkd3d:fixme:hlsl_yylex Unsupported preprocessor #pragma directive at line 9.
0630:fixme:d3dcompiler:D3DCompile2 Ignoring flags 0xc004.
08a8:fixme:d3dcompiler:D3DCompile2 Ignoring flags 0xc000.
vkd3d:fixme:hlsl_yylex Unsupported preprocessor #pragma directive at line 7.
vkd3d:fixme:hlsl_yylex Unsupported preprocessor #pragma directive at line 8.
08a8:err:d3dcompiler:D3DCompile2 Failed to compile shader, vkd3d result -4.
08a8:err:d3dcompiler:D3DCompile2 Shader log:
08a8:err:d3dcompiler:D3DCompile2     C:\fakepath:31:35: E5000: syntax error, unexpected '(', expecting ';' or ','
08a8:err:d3dcompiler:D3DCompile2 
08a8:fixme:d3dcompiler:D3DCompile2 Ignoring flags 0xc002.
08ac:fixme:d3dcompiler:D3DCompile2 Ignoring flags 0xc000.
0634:err:d3dcompiler:D3DCompile2 Failed to compile shader, vkd3d result -4.
0634:err:d3dcompiler:D3DCompile2 Shader log:
0634:err:d3dcompiler:D3DCompile2     C:\fakepath:38:52: E5000: syntax error, unexpected '(', expecting ';' or ','
0634:err:d3dcompiler:D3DCompile2 
vkd3d:fixme:hlsl_yylex Unsupported preprocessor #pragma directive at line 7.
0630:err:d3dcompiler:D3DCompile2 Failed to compile shader, vkd3d result -4.
0630:err:d3dcompiler:D3DCompile2 Shader log:
0630:err:d3dcompiler:D3DCompile2     C:\fakepath:50:35: E5000: syntax error, unexpected '(', expecting ';' or ','
0630:err:d3dcompiler:D3DCompile2 
08a8:err:d3dcompiler:D3DCompile2 Failed to compile shader, vkd3d result -4.
08a8:err:d3dcompiler:D3DCompile2 Shader log:
08a8:err:d3dcompiler:D3DCompile2     C:\fakepath:31:35: E5000: syntax error, unexpected '(', expecting ';' or ','
08a8:err:d3dcompiler:D3DCompile2 
08a8:fixme:d3dcompiler:D3DCompile2 Ignoring flags 0xc004.
0634:fixme:d3dcompiler:D3DCompile2 Ignoring flags 0xc002.
vkd3d:fixme:hlsl_yylex Unsupported preprocessor #pragma directive at line 8.
vkd3d:fixme:hlsl_yylex Unsupported preprocessor #pragma directive at line 9.
vkd3d:fixme:hlsl_yylex Unsupported preprocessor #pragma directive at line 7.
0634:err:d3dcompiler:D3DCompile2 Failed to compile shader, vkd3d result -4.
0634:err:d3dcompiler:D3DCompile2 Shader log:
0634:err:d3dcompiler:D3DCompile2     C:\fakepath:38:52: E5000: syntax error, unexpected '(', expecting ';' or ','
0634:err:d3dcompiler:D3DCompile2 
08ac:err:d3dcompiler:D3DCompile2 Failed to compile shader, vkd3d result -4.
08ac:err:d3dcompiler:D3DCompile2 Shader log:
08ac:err:d3dcompiler:D3DCompile2     C:\fakepath:39:52: E5000: syntax error, unexpected '(', expecting ';' or ','
08ac:err:d3dcompiler:D3DCompile2 
08ac:fixme:d3dcompiler:D3DCompile2 Ignoring flags 0xc002.
0634:fixme:d3dcompiler:D3DCompile2 Ignoring flags 0xc004.
vkd3d:fixme:hlsl_yylex Unsupported preprocessor #pragma directive at line 8.
08ac:err:d3dcompiler:D3DCompile2 Failed to compile shader, vkd3d result -4.
08ac:err:d3dcompiler:D3DCompile2 Shader log:
08ac:err:d3dcompiler:D3DCompile2     C:\fakepath:39:52: E5000: syntax error, unexpected '(', expecting ';' or ','
08ac:err:d3dcompiler:D3DCompile2 
08a8:err:d3dcompiler:D3DCompile2 Failed to compile shader, vkd3d result -4.
08a8:err:d3dcompiler:D3DCompile2 Shader log:
08a8:err:d3dcompiler:D3DCompile2     C:\fakepath:31:35: E5000: syntax error, unexpected '(', expecting ';' or ','
08a8:err:d3dcompiler:D3DCompile2 
08ac:fixme:d3dcompiler:D3DCompile2 Ignoring flags 0xc004.
vkd3d:fixme:hlsl_yylex Unsupported preprocessor #pragma directive at line 9.
0634:err:d3dcompiler:D3DCompile2 Failed to compile shader, vkd3d result -4.
0634:err:d3dcompiler:D3DCompile2 Shader log:
0634:err:d3dcompiler:D3DCompile2     C:\fakepath:38:52: E5000: syntax error, unexpected '(', expecting ';' or ','
0634:err:d3dcompiler:D3DCompile2 
vkd3d:fixme:hlsl_yylex Unsupported preprocessor #pragma directive at line 8.
08ac:err:d3dcompiler:D3DCompile2 Failed to compile shader, vkd3d result -4.
08ac:err:d3dcompiler:D3DCompile2 Shader log:
08ac:err:d3dcompiler:D3DCompile2     C:\fakepath:39:52: E5000: syntax error, unexpected '(', expecting ';' or ','
08ac:err:d3dcompiler:D3DCompile2 
0410:fixme:dxgi:d3d11_swapchain_Present1 Ignored present parameters 000000000011A1B0.
0634:fixme:d3dcompiler:D3DCompile2 Ignoring flags 0xc000.
vkd3d:fixme:hlsl_yylex Unsupported preprocessor #pragma directive at line 8.
0634:err:d3dcompiler:D3DCompile2 Failed to compile shader, vkd3d result -4.
0634:err:d3dcompiler:D3DCompile2 Shader log:
0634:err:d3dcompiler:D3DCompile2     C:\fakepath:36:35: E5000: syntax error, unexpected '(', expecting ';' or ','
0634:err:d3dcompiler:D3DCompile2 
0630:fixme:d3dcompiler:D3DCompile2 Ignoring flags 0xc000.
vkd3d:fixme:hlsl_yylex Unsupported preprocessor #pragma directive at line 9.
